Archive member included because of file (symbol)

c:/program files (x86)/microchip/mplab c32 suite/bin/../lib/gcc/pic32mx/4.5.1/../../../../pic32mx/lib\liblega-c.a(memset.o)
                              build/PIC32MX250F128B/production/_ext/1472/usb_device.o (memset)
c:/program files (x86)/microchip/mplab c32 suite/bin/../lib/gcc/pic32mx/4.5.1/../../../../pic32mx/lib\liblega-c.a(legacy-general-exception.o)
                              c:/program files (x86)/microchip/mplab c32 suite/bin/../lib/gcc/pic32mx/4.5.1/../../../../pic32mx/lib/crt0.o (_general_exception_context)
c:/program files (x86)/microchip/mplab c32 suite/bin/../lib/gcc/pic32mx/4.5.1/../../../../pic32mx/lib\liblega-c.a(default-general-exception-handler.o)
                              c:/program files (x86)/microchip/mplab c32 suite/bin/../lib/gcc/pic32mx/4.5.1/../../../../pic32mx/lib\liblega-c.a(legacy-general-exception.o) (_general_exception_handler)
c:/program files (x86)/microchip/mplab c32 suite/bin/../lib/gcc/pic32mx/4.5.1/../../../../pic32mx/lib\liblega-c.a(default-bootstrap-exception-handler.o)
                              c:/program files (x86)/microchip/mplab c32 suite/bin/../lib/gcc/pic32mx/4.5.1/../../../../pic32mx/lib/crt0.o (_bootstrap_exception_handler)
c:/program files (x86)/microchip/mplab c32 suite/bin/../lib/gcc/pic32mx/4.5.1/../../../../pic32mx/lib\liblega-c.a(default-on-reset.o)
                              c:/program files (x86)/microchip/mplab c32 suite/bin/../lib/gcc/pic32mx/4.5.1/../../../../pic32mx/lib/crt0.o (_on_reset)
c:/program files (x86)/microchip/mplab c32 suite/bin/../lib/gcc/pic32mx/4.5.1/../../../../pic32mx/lib\liblega-c.a(default-on-bootstrap.o)
                              c:/program files (x86)/microchip/mplab c32 suite/bin/../lib/gcc/pic32mx/4.5.1/../../../../pic32mx/lib/crt0.o (_on_bootstrap)
c:/program files (x86)/microchip/mplab c32 suite/bin/../lib/gcc/pic32mx/4.5.1/../../../../pic32mx/lib\liblega-c.a(default-nmi-handler.o)
                              c:/program files (x86)/microchip/mplab c32 suite/bin/../lib/gcc/pic32mx/4.5.1/../../../../pic32mx/lib/crt0.o (_nmi_handler)
c:/program files (x86)/microchip/mplab c32 suite/bin/../lib/gcc/pic32mx/4.5.1/../../../../pic32mx/lib\libmchp_peripheral_32MX250F128B.a(int_tbl_lib.o)
                              build/PIC32MX250F128B/production/_ext/1472/usb_device.o (INTClearFlag)

Allocating common symbols
Common symbol       size              file

pDst                0x4               build/PIC32MX250F128B/production/_ext/1472/usb_device.o
USBDeferINDataStagePackets
                    0x1               build/PIC32MX250F128B/production/_ext/1472/usb_device.o
BDT                 0x40              build/PIC32MX250F128B/production/_ext/1472/usb_device.o
CtrlTrfData         0x40              build/PIC32MX250F128B/production/_ext/1472/usb_device.o
USBDeferOUTDataStagePackets
                    0x1               build/PIC32MX250F128B/production/_ext/1472/usb_device.o
USBDeviceState      0x4               build/PIC32MX250F128B/production/_ext/1472/usb_device.o
controlTransferState
                    0x1               build/PIC32MX250F128B/production/_ext/1472/usb_device.o
endpoint_number     0x1               build/PIC32MX250F128B/production/_ext/1472/usb_device.o
inPipes             0x10              build/PIC32MX250F128B/production/_ext/1472/usb_device.o
pBDTEntryIn         0x8               build/PIC32MX250F128B/production/_ext/1472/usb_device.o
ep_data_out         0x2               build/PIC32MX250F128B/production/_ext/1472/usb_device.o
USBStatusStageEnabledFlag1
                    0x1               build/PIC32MX250F128B/production/_ext/1472/usb_device.o
USBStatusStageEnabledFlag2
                    0x1               build/PIC32MX250F128B/production/_ext/1472/usb_device.o
pBDTEntryOut        0x8               build/PIC32MX250F128B/production/_ext/1472/usb_device.o
BothEP0OutUOWNsSet  0x1               build/PIC32MX250F128B/production/_ext/1472/usb_device.o
pBDTEntryEP0OutNext
                    0x4               build/PIC32MX250F128B/production/_ext/1472/usb_device.o
USBBusIsSuspended   0x1               build/PIC32MX250F128B/production/_ext/1472/usb_device.o
USBStatusStageTimeoutCounter
                    0x1               build/PIC32MX250F128B/production/_ext/1472/usb_device.o
SetupPkt            0x8               build/PIC32MX250F128B/production/_ext/1472/usb_device.o
ep_data_in          0x2               build/PIC32MX250F128B/production/_ext/1472/usb_device.o
shortPacketStatus   0x1               build/PIC32MX250F128B/production/_ext/1472/usb_device.o
pBDTEntryEP0OutCurrent
                    0x4               build/PIC32MX250F128B/production/_ext/1472/usb_device.o
RemoteWakeup        0x1               build/PIC32MX250F128B/production/_ext/1472/usb_device.o
USTATcopy           0x1               build/PIC32MX250F128B/production/_ext/1472/usb_device.o
USBAlternateInterface
[...]
Memory Configuration

Name             Origin             Length             Attributes
kseg0_program_mem 0x9d000000         0x0001f000         xr
exception_mem    0x9d01f000         0x00001000
debug_exec_mem   0x9fc00490         0x00000760
kseg0_boot_mem   0x9fc00490         0x00000000
kseg1_boot_mem   0xbfc00000         0x00000490
config3          0xbfc00bf0         0x00000004
config2          0xbfc00bf4         0x00000004
config1          0xbfc00bf8         0x00000004
config0          0xbfc00bfc         0x00000004
kseg1_data_mem   0xa0000000         0x00008000         w !x
sfrs             0xbf800000         0x00100000
configsfrs       0xbfc00bf0         0x00000010
*default*        0x00000000         0xffffffff

Linker script and memory map

LOAD c:/program files (x86)/microchip/mplab c32 suite/bin/../lib/gcc/pic32mx/4.5.1/../../../../pic32mx/lib/crt0.o
LOAD build/PIC32MX250F128B/production/_ext/1472/usb_device.o
LOAD build/PIC32MX250F128B/production/_ext/1472/usb_function_generic.o
LOAD build/PIC32MX250F128B/production/_ext/1472/usb_descriptors.o
LOAD build/PIC32MX250F128B/production/_ext/1472/main.o
LOAD build/PIC32MX250F128B/production/_ext/1472/bitsettings.o
LOAD build/PIC32MX250F128B/production/_ext/1472/ProcessCommand.o
LOAD build/PIC32MX250F128B/production/_ext/1472/UtSleepFirmware.o
LOAD build/PIC32MX250F128B/production/_ext/450498885/UtPepLogic.o
LOAD build/PIC32MX250F128B/production/_ext/1472/PepDevice.o
LOAD build/PIC32MX250F128B/production/_ext/1472/UtTimeDelay.o
                0x00000001                __MPLAB_BUILD = 0x1
LOAD c:/program files (x86)/microchip/mplab c32 suite/bin/../lib/gcc/pic32mx/4.5.1\libgcc.a
START GROUP
LOAD c:/program files (x86)/microchip/mplab c32 suite/bin/../lib/gcc/pic32mx/4.5.1/../../../../pic32mx/lib\libdebug.a
LOAD c:/program files (x86)/microchip/mplab c32 suite/bin/../lib/gcc/pic32mx/4.5.1/../../../../pic32mx/lib\liblega-c.a
LOAD c:/program files (x86)/microchip/mplab c32 suite/bin/../lib/gcc/pic32mx/4.5.1/../../../../pic32mx/lib\libm.a
LOAD c:/program files (x86)/microchip/mplab c32 suite/bin/../lib/gcc/pic32mx/4.5.1/../../../../pic32mx/lib\libe.a
LOAD c:/program files (x86)/microchip/mplab c32 suite/bin/../lib/gcc/pic32mx/4.5.1/../../../../pic32mx/lib\libdsp.a
LOAD c:/program files (x86)/microchip/mplab c32 suite/bin/../lib/gcc/pic32mx/4.5.1/../../../../pic32mx/lib\libmchp_peripheral.a
LOAD c:/program files (x86)/microchip/mplab c32 suite/bin/../lib/gcc/pic32mx/4.5.1/../../../../pic32mx/lib\libmchp_peripheral_32MX250F128B.a
END GROUP
LOAD c:/program files (x86)/microchip/mplab c32 suite/bin/../lib/gcc/pic32mx/4.5.1\libgcc.a
                0x00000400                PROVIDE (_min_stack_size, 0x400)
                0x00000000                PROVIDE (_min_heap_size, 0x0)
LOAD c:/program files (x86)/microchip/mplab c32 suite/bin/../lib/gcc/pic32mx/4.5.1/../../../../pic32mx/lib/./proc/32MX250F128B\processor.o
                0x00000001                PROVIDE (_vector_spacing, 0x1)
                0x9d01f000                _ebase_address = 0x9d01f000
                0xbfc00000                _RESET_ADDR = 0xbfc00000
                0xbfc00380                _BEV_EXCPT_ADDR = 0xbfc00380
                0xbfc00480                _DBG_EXCPT_ADDR = 0xbfc00480
                0x9fc00490                _DBG_CODE_ADDR = 0x9fc00490
                0x00000760                _DBG_CODE_SIZE = 0x760
                0x9d01f180                _GEN_EXCPT_ADDR = (_ebase_address + 0x180)

.config_BFC00BF0
                0xbfc00bf0        0x4
 *(.config_BFC00BF0)
 .config_BFC00BF0
                0xbfc00bf0        0x4 build/PIC32MX250F128B/production/_ext/1472/bitsettings.o

.config_BFC00BF4
                0xbfc00bf4        0x4
 *(.config_BFC00BF4)
 .config_BFC00BF4
                0xbfc00bf4        0x4 build/PIC32MX250F128B/production/_ext/1472/bitsettings.o

.config_BFC00BF8
                0xbfc00bf8        0x4
 *(.config_BFC00BF8)
 .config_BFC00BF8
                0xbfc00bf8        0x4 build/PIC32MX250F128B/production/_ext/1472/bitsettings.o

.config_BFC00BFC
                0xbfc00bfc        0x4
 *(.config_BFC00BFC)
 .config_BFC00BFC
                0xbfc00bfc        0x4 build/PIC32MX250F128B/production/_ext/1472/bitsettings.o
                0xbfc02000                PROVIDE (_DBG_CODE_ADDR, 0xbfc02000)
                0x00000ff0                PROVIDE (_DBG_CODE_SIZE, 0xff0)

.reset          0xbfc00000      0x1f4
 *(.reset)
 .reset         0xbfc00000       0x10 c:/program files (x86)/microchip/mplab c32 suite/bin/../lib/gcc/pic32mx/4.5.1/../../../../pic32mx/lib/crt0.o
                0xbfc00000                _reset
 *(.reset.startup)
 .reset.startup
                0xbfc00010      0x1e4 c:/program files (x86)/microchip/mplab c32 suite/bin/../lib/gcc/pic32mx/4.5.1/../../../../pic32mx/lib/crt0.o

.bev_excpt      0xbfc00380       0x10
 *(.bev_handler)
 .bev_handler   0xbfc00380       0x10 c:/program files (x86)/microchip/mplab c32 suite/bin/../lib/gcc/pic32mx/4.5.1/../../../../pic32mx/lib/crt0.o

.dbg_excpt      0xbfc00480        0x0
                0xbfc00480                . = (. + DEFINED (_DEBUGGER)?0x8:0x0)

.dbg_code       0x9fc00490        0x0
                0x9fc00490                . = (. + DEFINED (_DEBUGGER)?_DBG_CODE_SIZE:0x0)

.app_excpt      0x9d01f180       0x10
 *(.gen_handler)
 .gen_handler   0x9d01f180       0x10 c:/program files (x86)/microchip/mplab c32 suite/bin/../lib/gcc/pic32mx/4.5.1/../../../../pic32mx/lib/crt0.o

.vector_0       0x9d01f200        0x0
 *(.vector_0)
                0x00000001                ASSERT (((_vector_spacing == 0x0) || (SIZEOF (.vector_0) <= (_vector_spacing << 0x5))), function at exception vector 0 too large)

.vector_1       0x9d01f220        0x0
 *(.vector_1)
                0x00000001                ASSERT (((_vector_spacing == 0x0) || (SIZEOF (.vector_1) <= (_vector_spacing << 0x5))), function at exception vector 1 too large)

.vector_2       0x9d01f240        0x0
 *(.vector_2)
                0x00000001                ASSERT (((_vector_spacing == 0x0) || (SIZEOF (.vector_2) <= (_vector_spacing << 0x5))), function at exception vector 2 too large)

.vector_3       0x9d01f260        0x0
 *(.vector_3)
                0x00000001                ASSERT (((_vector_spacing == 0x0) || (SIZEOF (.vector_3) <= (_vector_spacing << 0x5))), function at exception vector 3 too large)

.vector_4       0x9d01f280        0x0
 *(.vector_4)
                0x00000001                ASSERT (((_vector_spacing == 0x0) || (SIZEOF (.vector_4) <= (_vector_spacing << 0x5))), function at exception vector 4 too large)

.vector_5       0x9d01f2a0        0x0
 *(.vector_5)
                0x00000001                ASSERT (((_vector_spacing == 0x0) || (SIZEOF (.vector_5) <= (_vector_spacing << 0x5))), function at exception vector 5 too large)

.vector_6       0x9d01f2c0        0x0
 *(.vector_6)
                0x00000001                ASSERT (((_vector_spacing == 0x0) || (SIZEOF (.vector_6) <= (_vector_spacing << 0x5))), function at exception vector 6 too large)

.vector_7       0x9d01f2e0        0x0
 *(.vector_7)
                0x00000001                ASSERT (((_vector_spacing == 0x0) || (SIZEOF (.vector_7) <= (_vector_spacing << 0x5))), function at exception vector 7 too large)

.vector_8       0x9d01f300        0x8
 *(.vector_8)
 .vector_8      0x9d01f300        0x8 build/PIC32MX250F128B/production/_ext/1472/UtTimeDelay.o
                0x00000001                ASSERT (((_vector_spacing == 0x0) || (SIZEOF (.vector_8) <= (_vector_spacing << 0x5))), function at exception vector 8 too large)

.vector_9       0x9d01f320        0x0
 *(.vector_9)
                0x00000001                ASSERT (((_vector_spacing == 0x0) || (SIZEOF (.vector_9) <= (_vector_spacing << 0x5))), function at exception vector 9 too large)

.vector_10      0x9d01f340        0x0
 *(.vector_10)
                0x00000001                ASSERT (((_vector_spacing == 0x0) || (SIZEOF (.vector_10) <= (_vector_spacing << 0x5))), function at exception vector 10 too large)

.vector_11      0x9d01f360        0x0
 *(.vector_11)
                0x00000001                ASSERT (((_vector_spacing == 0x0) || (SIZEOF (.vector_11) <= (_vector_spacing << 0x5))), function at exception vector 11 too large)

.vector_12      0x9d01f380        0x0
 *(.vector_12)
                0x00000001                ASSERT (((_vector_spacing == 0x0) || (SIZEOF (.vector_12) <= (_vector_spacing << 0x5))), function at exception vector 12 too large)

.vector_13      0x9d01f3a0        0x0
 *(.vector_13)
                0x00000001                ASSERT (((_vector_spacing == 0x0) || (SIZEOF (.vector_13) <= (_vector_spacing << 0x5))), function at exception vector 13 too large)

.vector_14      0x9d01f3c0        0x0
 *(.vector_14)
                0x00000001                ASSERT (((_vector_spacing == 0x0) || (SIZEOF (.vector_14) <= (_vector_spacing << 0x5))), function at exception vector 14 too large)

.vector_15      0x9d01f3e0        0x0
 *(.vector_15)
                0x00000001                ASSERT (((_vector_spacing == 0x0) || (SIZEOF (.vector_15) <= (_vector_spacing << 0x5))), function at exception vector 15 too large)

.vector_16      0x9d01f400        0x0
 *(.vector_16)
                0x00000001                ASSERT (((_vector_spacing == 0x0) || (SIZEOF (.vector_16) <= (_vector_spacing << 0x5))), function at exception vector 16 too large)

.vector_17      0x9d01f420        0x0
 *(.vector_17)
                0x00000001                ASSERT (((_vector_spacing == 0x0) || (SIZEOF (.vector_17) <= (_vector_spacing << 0x5))), function at exception vector 17 too large)

.vector_18      0x9d01f440        0x0
 *(.vector_18)
                0x00000001                ASSERT (((_vector_spacing == 0x0) || (SIZEOF (.vector_18) <= (_vector_spacing << 0x5))), function at exception vector 18 too large)

.vector_19      0x9d01f460        0x0
 *(.vector_19)
                0x00000001                ASSERT (((_vector_spacing == 0x0) || (SIZEOF (.vector_19) <= (_vector_spacing << 0x5))), function at exception vector 19 too large)

.vector_20      0x9d01f480        0x0
 *(.vector_20)
                0x00000001                ASSERT (((_vector_spacing == 0x0) || (SIZEOF (.vector_20) <= (_vector_spacing << 0x5))), function at exception vector 20 too large)

.vector_21      0x9d01f4a0        0x0
 *(.vector_21)
                0x00000001                ASSERT (((_vector_spacing == 0x0) || (SIZEOF (.vector_21) <= (_vector_spacing << 0x5))), function at exception vector 21 too large)

.vector_22      0x9d01f4c0        0x0
 *(.vector_22)
                0x00000001                ASSERT (((_vector_spacing == 0x0) || (SIZEOF (.vector_22) <= (_vector_spacing << 0x5))), function at exception vector 22 too large)

.vector_23      0x9d01f4e0        0x0
 *(.vector_23)
                0x00000001                ASSERT (((_vector_spacing == 0x0) || (SIZEOF (.vector_23) <= (_vector_spacing << 0x5))), function at exception vector 23 too large)

.vector_24      0x9d01f500        0x0
 *(.vector_24)
                0x00000001                ASSERT (((_vector_spacing == 0x0) || (SIZEOF (.vector_24) <= (_vector_spacing << 0x5))), function at exception vector 24 too large)

.vector_25      0x9d01f520        0x0
 *(.vector_25)
                0x00000001                ASSERT (((_vector_spacing == 0x0) || (SIZEOF (.vector_25) <= (_vector_spacing << 0x5))), function at exception vector 25 too large)

.vector_26      0x9d01f540        0x0
 *(.vector_26)
                0x00000001                ASSERT (((_vector_spacing == 0x0) || (SIZEOF (.vector_26) <= (_vector_spacing << 0x5))), function at exception vector 26 too large)

.vector_27      0x9d01f560        0x0
 *(.vector_27)
                0x00000001                ASSERT (((_vector_spacing == 0x0) || (SIZEOF (.vector_27) <= (_vector_spacing << 0x5))), function at exception vector 27 too large)

.vector_28      0x9d01f580        0x0
 *(.vector_28)
                0x00000001                ASSERT (((_vector_spacing == 0x0) || (SIZEOF (.vector_28) <= (_vector_spacing << 0x5))), function at exception vector 28 too large)

.vector_29      0x9d01f5a0        0x0
 *(.vector_29)
                0x00000001                ASSERT (((_vector_spacing == 0x0) || (SIZEOF (.vector_29) <= (_vector_spacing << 0x5))), function at exception vector 29 too large)

.vector_30      0x9d01f5c0        0x0
 *(.vector_30)
                0x00000001                ASSERT (((_vector_spacing == 0x0) || (SIZEOF (.vector_30) <= (_vector_spacing << 0x5))), function at exception vector 30 too large)

.vector_31      0x9d01f5e0        0x0
 *(.vector_31)
                0x00000001                ASSERT (((_vector_spacing == 0x0) || (SIZEOF (.vector_31) <= (_vector_spacing << 0x5))), function at exception vector 31 too large)

.vector_32      0x9d01f600        0x0
 *(.vector_32)
                0x00000001                ASSERT (((_vector_spacing == 0x0) || (SIZEOF (.vector_32) <= (_vector_spacing << 0x5))), function at exception vector 32 too large)

.vector_33      0x9d01f620        0x0
 *(.vector_33)
                0x00000001                ASSERT (((_vector_spacing == 0x0) || (SIZEOF (.vector_33) <= (_vector_spacing << 0x5))), function at exception vector 33 too large)

.vector_34      0x9d01f640        0x0
 *(.vector_34)
                0x00000001                ASSERT (((_vector_spacing == 0x0) || (SIZEOF (.vector_34) <= (_vector_spacing << 0x5))), function at exception vector 34 too large)

.vector_35      0x9d01f660        0x0
 *(.vector_35)
                0x00000001                ASSERT (((_vector_spacing == 0x0) || (SIZEOF (.vector_35) <= (_vector_spacing << 0x5))), function at exception vector 35 too large)

.vector_36      0x9d01f680        0x0
 *(.vector_36)
                0x00000001                ASSERT (((_vector_spacing == 0x0) || (SIZEOF (.vector_36) <= (_vector_spacing << 0x5))), function at exception vector 36 too large)

.vector_37      0x9d01f6a0        0x0
 *(.vector_37)
                0x00000001                ASSERT (((_vector_spacing == 0x0) || (SIZEOF (.vector_37) <= (_vector_spacing << 0x5))), function at exception vector 37 too large)

.vector_38      0x9d01f6c0        0x0
 *(.vector_38)
                0x00000001                ASSERT (((_vector_spacing == 0x0) || (SIZEOF (.vector_38) <= (_vector_spacing << 0x5))), function at exception vector 38 too large)

.vector_39      0x9d01f6e0        0x0
 *(.vector_39)
                0x00000001                ASSERT (((_vector_spacing == 0x0) || (SIZEOF (.vector_39) <= (_vector_spacing << 0x5))), function at exception vector 39 too large)

.vector_40      0x9d01f700        0x0
 *(.vector_40)
                0x00000001                ASSERT (((_vector_spacing == 0x0) || (SIZEOF (.vector_40) <= (_vector_spacing << 0x5))), function at exception vector 40 too large)

.vector_41      0x9d01f720        0x0
 *(.vector_41)
                0x00000001                ASSERT (((_vector_spacing == 0x0) || (SIZEOF (.vector_41) <= (_vector_spacing << 0x5))), function at exception vector 41 too large)

.vector_42      0x9d01f740        0x0
 *(.vector_42)
                0x00000001                ASSERT (((_vector_spacing == 0x0) || (SIZEOF (.vector_42) <= (_vector_spacing << 0x5))), function at exception vector 42 too large)

.vector_43      0x9d01f760        0x0
 *(.vector_43)
                0x00000001                ASSERT (((_vector_spacing == 0x0) || (SIZEOF (.vector_43) <= (_vector_spacing << 0x5))), function at exception vector 43 too large)

.vector_44      0x9d01f780        0x0
 *(.vector_44)
                0x00000001                ASSERT (((_vector_spacing == 0x0) || (SIZEOF (.vector_44) <= (_vector_spacing << 0x5))), function at exception vector 44 too large)

.vector_45      0x9d01f7a0        0x0
 *(.vector_45)
                0x00000001                ASSERT (((_vector_spacing == 0x0) || (SIZEOF (.vector_45) <= (_vector_spacing << 0x5))), function at exception vector 45 too large)

.vector_46      0x9d01f7c0        0x0
 *(.vector_46)
                0x00000001                ASSERT (((_vector_spacing == 0x0) || (SIZEOF (.vector_46) <= (_vector_spacing << 0x5))), function at exception vector 46 too large)

.vector_47      0x9d01f7e0        0x0
 *(.vector_47)
                0x00000001                ASSERT (((_vector_spacing == 0x0) || (SIZEOF (.vector_47) <= (_vector_spacing << 0x5))), function at exception vector 47 too large)

.vector_48      0x9d01f800        0x0
 *(.vector_48)
                0x00000001                ASSERT (((_vector_spacing == 0x0) || (SIZEOF (.vector_48) <= (_vector_spacing << 0x5))), function at exception vector 48 too large)

.vector_49      0x9d01f820        0x0
 *(.vector_49)
                0x00000001                ASSERT (((_vector_spacing == 0x0) || (SIZEOF (.vector_49) <= (_vector_spacing << 0x5))), function at exception vector 49 too large)

.vector_50      0x9d01f840        0x0
 *(.vector_50)
                0x00000001                ASSERT (((_vector_spacing == 0x0) || (SIZEOF (.vector_50) <= (_vector_spacing << 0x5))), function at exception vector 50 too large)

.vector_51      0x9d01f860        0x0
 *(.vector_51)
                0x00000001                ASSERT (((_vector_spacing == 0x0) || (SIZEOF (.vector_51) <= (_vector_spacing << 0x5))), function at exception vector 51 too large)

.vector_52      0x9d01f880        0x0
 *(.vector_52)
                0x00000001                ASSERT (((_vector_spacing == 0x0) || (SIZEOF (.vector_52) <= (_vector_spacing << 0x5))), function at exception vector 52 too large)

.vector_53      0x9d01f8a0        0x0
 *(.vector_53)
                0x00000001                ASSERT (((_vector_spacing == 0x0) || (SIZEOF (.vector_53) <= (_vector_spacing << 0x5))), function at exception vector 53 too large)

.vector_54      0x9d01f8c0        0x0
 *(.vector_54)
                0x00000001                ASSERT (((_vector_spacing == 0x0) || (SIZEOF (.vector_54) <= (_vector_spacing << 0x5))), function at exception vector 54 too large)

.vector_55      0x9d01f8e0        0x0
 *(.vector_55)
                0x00000001                ASSERT (((_vector_spacing == 0x0) || (SIZEOF (.vector_55) <= (_vector_spacing << 0x5))), function at exception vector 55 too large)

.vector_56      0x9d01f900        0x0
 *(.vector_56)
                0x00000001                ASSERT (((_vector_spacing == 0x0) || (SIZEOF (.vector_56) <= (_vector_spacing << 0x5))), function at exception vector 56 too large)

.vector_57      0x9d01f920        0x0
 *(.vector_57)
                0x00000001                ASSERT (((_vector_spacing == 0x0) || (SIZEOF (.vector_57) <= (_vector_spacing << 0x5))), function at exception vector 57 too large)

.vector_58      0x9d01f940        0x0
 *(.vector_58)
                0x00000001                ASSERT (((_vector_spacing == 0x0) || (SIZEOF (.vector_58) <= (_vector_spacing << 0x5))), function at exception vector 58 too large)

.vector_59      0x9d01f960        0x0
 *(.vector_59)
                0x00000001                ASSERT (((_vector_spacing == 0x0) || (SIZEOF (.vector_59) <= (_vector_spacing << 0x5))), function at exception vector 59 too large)

.vector_60      0x9d01f980        0x0
 *(.vector_60)
                0x00000001                ASSERT (((_vector_spacing == 0x0) || (SIZEOF (.vector_60) <= (_vector_spacing << 0x5))), function at exception vector 60 too large)

.vector_61      0x9d01f9a0        0x0
 *(.vector_61)
                0x00000001                ASSERT (((_vector_spacing == 0x0) || (SIZEOF (.vector_61) <= (_vector_spacing << 0x5))), function at exception vector 61 too large)

.vector_62      0x9d01f9c0        0x0
 *(.vector_62)
                0x00000001                ASSERT (((_vector_spacing == 0x0) || (SIZEOF (.vector_62) <= (_vector_spacing << 0x5))), function at exception vector 62 too large)

.vector_63      0x9d01f9e0        0x0
 *(.vector_63)
                0x00000001                ASSERT (((_vector_spacing == 0x0) || (SIZEOF (.vector_63) <= (_vector_spacing << 0x5))), function at exception vector 63 too large)

.startup
 *(.startup)

.text
 *(.stub .gnu.linkonce.t.*)
 *(.text.*personality*)
 *(.mips16.fn.*)
 *(.mips16.call.*)
 *(.gnu.warning)

.rodata         0x9d000000        0x0
 *(.rodata.* .gnu.linkonce.r.*)
 *(.rodata1)
                0x9d000000                . = ALIGN (0x4)

.sdata2         0x9fc00490        0x0
 *(.sdata2 .sdata2.* .gnu.linkonce.s2.*)
                0x9fc00490                . = ALIGN (0x4)

.sbss2          0x9fc00490        0x0
 *(.sbss2 .sbss2.* .gnu.linkonce.sb2.*)
                0x9fc00490                . = ALIGN (0x4)

.eh_frame_hdr
 *(.eh_frame_hdr)

.eh_frame
 *(.eh_frame)

.dbg_data       0xa0000000        0x0
                0xa0000000                . = (. + DEFINED (_DEBUGGER)?0x200:0x0)

.persist        0xa0000000        0x0
                0xa0000000                _persist_begin = .
 *(.persist .persist.*)
                0xa0000000                . = ALIGN (0x4)
                0xa0000000                _persist_end = .

.eh_frame
 *(.eh_frame)
                0xa0000000                . = .
                0xa0007ff0                _gp = (ALIGN (0x10) + 0x7ff0)

.got
 *(.got.plt)
 *(.got)

.sdata          0xa0000000        0x0
                0xa0000000                _sdata_begin = .
 *(.sdata .sdata.* .gnu.linkonce.s.*)
                0xa0000000                _sdata_end = .

.lit8
 *(.lit8)

.lit4
 *(.lit4)
                0xa0000000                . = ALIGN (0x4)
                0xa0000000                _data_end = .
                0xa0000000                _bss_begin = .

.sbss           0xa0000000       0x62
                0xa0000000                _sbss_begin = .
 *(.dynsbss)
 *(.sbss .sbss.* .gnu.linkonce.sb.*)
 .sbss          0xa0000000        0x1 build/PIC32MX250F128B/production/_ext/1472/usb_device.o
 *fill*         0xa0000001        0x3 00
 .sbss          0xa0000004       0x10 build/PIC32MX250F128B/production/_ext/1472/PepDevice.o
 .sbss          0xa0000014        0x1 build/PIC32MX250F128B/production/_ext/1472/UtTimeDelay.o
 *(.scommon)
 *fill*         0xa0000015        0x3 00
 .scommon       0xa0000018       0x4a build/PIC32MX250F128B/production/_ext/1472/usb_device.o
                0xa0000018                pDst
                0xa000001c                USBDeferINDataStagePackets
                0xa000001d                USBDeferOUTDataStagePackets
                0xa0000020                USBDeviceState
                0xa0000024                controlTransferState
                0xa0000025                endpoint_number
                0xa0000028                pBDTEntryIn
                0xa0000030                ep_data_out
                0xa0000032                USBStatusStageEnabledFlag1
                0xa0000033                USBStatusStageEnabledFlag2
                0xa0000034                pBDTEntryOut
                0xa000003c                BothEP0OutUOWNsSet
                0xa0000040                pBDTEntryEP0OutNext
                0xa0000044                USBBusIsSuspended
                0xa0000045                USBStatusStageTimeoutCounter
                0xa0000048                SetupPkt
                0xa0000050                ep_data_in
                0xa0000052                shortPacketStatus
                0xa0000054                pBDTEntryEP0OutCurrent
                0xa0000058                RemoteWakeup
                0xa000005c                USTATcopy
                0xa0000060                USBAlternateInterface
                0xa0000061                USBDeferStatusStagePacket
                0xa0000062                _sbss_end = .

.bss            0xa0000200       0x9c
 *(.dynbss)
 *(COMMON)
 COMMON         0xa0000200       0x9b build/PIC32MX250F128B/production/_ext/1472/usb_device.o
                0xa0000200                BDT
                0xa0000240                CtrlTrfData
                0xa0000280                inPipes
                0xa0000290                outPipes
                0xa000029c                . = ALIGN (0x4)
 *fill*         0xa000029b        0x1 00
                0xa000029c                . = ALIGN (0x4)
                0xa000029c                _end = .
                0xa000029c                _bss_end = .
                0x00008000                _bmxdudba_address = 0x8000
                0x00008000                _bmxdupba_address = 0x8000

/DISCARD/
 *(.pdr)
 *(.reginfo)
 *(.rel.dyn)
 *(.note.GNU-stack)
 *(.note.GNU-stack)
 *(.gnu_debuglink)
 *(.gnu.lto_*)
 *(.discard)

.stab
 *(.stab)

.stabstr
 *(.stabstr)

.stab.excl
 *(.stab.excl)

.stab.exclstr
 *(.stab.exclstr)

.stab.index
 *(.stab.index)

.stab.indexstr
 *(.stab.indexstr)

.comment        0x00000000       0xf7
 *(.comment)
 .comment       0x00000000       0x51 build/PIC32MX250F128B/production/_ext/1472/usb_device.o
                                 0x52 (size before relaxing)
 .comment       0x00000000       0x52 build/PIC32MX250F128B/production/_ext/1472/usb_function_generic.o
 .comment       0x00000000       0x52 build/PIC32MX250F128B/production/_ext/1472/usb_descriptors.o
 .comment       0x00000000       0x52 build/PIC32MX250F128B/production/_ext/1472/main.o
 .comment       0x00000000       0x52 build/PIC32MX250F128B/production/_ext/1472/bitsettings.o
 .comment       0x00000000       0x52 build/PIC32MX250F128B/production/_ext/1472/ProcessCommand.o
 .comment       0x00000000       0x52 build/PIC32MX250F128B/production/_ext/1472/UtSleepFirmware.o
 .comment       0x00000000       0x52 build/PIC32MX250F128B/production/_ext/450498885/UtPepLogic.o
 .comment       0x00000000       0x52 build/PIC32MX250F128B/production/_ext/1472/PepDevice.o
 .comment       0x00000000       0x52 build/PIC32MX250F128B/production/_ext/1472/UtTimeDelay.o
 .comment       0x00000051       0x55 c:/program files (x86)/microchip/mplab c32 suite/bin/../lib/gcc/pic32mx/4.5.1/../../../../pic32mx/lib\liblega-c.a(memset.o)
                                 0x56 (size before relaxing)
 .comment       0x00000000       0x52 c:/program files (x86)/microchip/mplab c32 suite/bin/../lib/gcc/pic32mx/4.5.1/../../../../pic32mx/lib\liblega-c.a(default-general-exception-handler.o)
 .comment       0x00000000       0x52 c:/program files (x86)/microchip/mplab c32 suite/bin/../lib/gcc/pic32mx/4.5.1/../../../../pic32mx/lib\liblega-c.a(default-bootstrap-exception-handler.o)
 .comment       0x00000000       0x52 c:/program files (x86)/microchip/mplab c32 suite/bin/../lib/gcc/pic32mx/4.5.1/../../../../pic32mx/lib\liblega-c.a(default-on-reset.o)
 .comment       0x00000000       0x52 c:/program files (x86)/microchip/mplab c32 suite/bin/../lib/gcc/pic32mx/4.5.1/../../../../pic32mx/lib\liblega-c.a(default-on-bootstrap.o)
 .comment       0x000000a6       0x51 c:/program files (x86)/microchip/mplab c32 suite/bin/../lib/gcc/pic32mx/4.5.1/../../../../pic32mx/lib\libmchp_peripheral_32MX250F128B.a(int_tbl_lib.o)
                                 0x52 (size before relaxing)

.debug
 *(.debug)

.line
 *(.line)

.debug_srcinfo
 *(.debug_srcinfo)

.debug_sfnames
 *(.debug_sfnames)

.debug_aranges  0x00000000      0x160
 *(.debug_aranges)
 .debug_aranges
                0x00000000       0x20 build/PIC32MX250F128B/production/_ext/1472/usb_device.o
 .debug_aranges
                0x00000020       0x20 build/PIC32MX250F128B/production/_ext/1472/usb_function_generic.o
 .debug_aranges
                0x00000040       0x20 build/PIC32MX250F128B/production/_ext/1472/main.o
 .debug_aranges
                0x00000060       0x20 build/PIC32MX250F128B/production/_ext/1472/ProcessCommand.o
 .debug_aranges
                0x00000080       0x20 build/PIC32MX250F128B/production/_ext/1472/UtSleepFirmware.o
 .debug_aranges
                0x000000a0       0x20 build/PIC32MX250F128B/production/_ext/450498885/UtPepLogic.o
 .debug_aranges
                0x000000c0       0x20 build/PIC32MX250F128B/production/_ext/1472/PepDevice.o
 .debug_aranges
                0x000000e0       0x20 build/PIC32MX250F128B/production/_ext/1472/UtTimeDelay.o
 .debug_aranges
                0x00000100       0x60 c:/program files (x86)/microchip/mplab c32 suite/bin/../lib/gcc/pic32mx/4.5.1/../../../../pic32mx/lib\libmchp_peripheral_32MX250F128B.a(int_tbl_lib.o)

.debug_pubnames
                0x00000000      0x7d3
 *(.debug_pubnames)
 .debug_pubnames
                0x00000000      0x2f7 build/PIC32MX250F128B/production/_ext/1472/usb_device.o
 .debug_pubnames
                0x000002f7       0x2c build/PIC32MX250F128B/production/_ext/1472/usb_function_generic.o
 .debug_pubnames
                0x00000323       0x99 build/PIC32MX250F128B/production/_ext/1472/usb_descriptors.o
 .debug_pubnames
                0x000003bc       0x1b build/PIC32MX250F128B/production/_ext/1472/main.o
 .debug_pubnames
                0x000003d7       0x3c build/PIC32MX250F128B/production/_ext/1472/ProcessCommand.o
 .debug_pubnames
                0x00000413       0x1e build/PIC32MX250F128B/production/_ext/1472/UtSleepFirmware.o
 .debug_pubnames
                0x00000431      0x18f build/PIC32MX250F128B/production/_ext/450498885/UtPepLogic.o
 .debug_pubnames
                0x000005c0       0xf6 build/PIC32MX250F128B/production/_ext/1472/PepDevice.o
 .debug_pubnames
                0x000006b6       0x53 build/PIC32MX250F128B/production/_ext/1472/UtTimeDelay.o
 .debug_pubnames
                0x00000709       0xca c:/program files (x86)/microchip/mplab c32 suite/bin/../lib/gcc/pic32mx/4.5.1/../../../../pic32mx/lib\libmchp_peripheral_32MX250F128B.a(int_tbl_lib.o)

.debug_info     0x00000000     0xe13f
 *(.debug_info .gnu.linkonce.wi.*)
 .debug_info    0x00000000     0x310d build/PIC32MX250F128B/production/_ext/1472/usb_device.o
 .debug_info    0x0000310d     0x12e2 build/PIC32MX250F128B/production/_ext/1472/usb_function_generic.o
 .debug_info    0x000043ef     0x15a8 build/PIC32MX250F128B/production/_ext/1472/usb_descriptors.o
 .debug_info    0x00005997       0xc5 build/PIC32MX250F128B/production/_ext/1472/main.o
 .debug_info    0x00005a5c        0x0 build/PIC32MX250F128B/production/_ext/1472/bitsettings.o
 .debug_info    0x00005a5c     0x4aaf build/PIC32MX250F128B/production/_ext/1472/ProcessCommand.o
 .debug_info    0x0000a50b      0x1c6 build/PIC32MX250F128B/production/_ext/1472/UtSleepFirmware.o
 .debug_info    0x0000a6d1      0xe7c build/PIC32MX250F128B/production/_ext/450498885/UtPepLogic.o
 .debug_info    0x0000b54d     0x1bc6 build/PIC32MX250F128B/production/_ext/1472/PepDevice.o
 .debug_info    0x0000d113      0xe81 build/PIC32MX250F128B/production/_ext/1472/UtTimeDelay.o
 .debug_info    0x0000df94      0x1ab c:/program files (x86)/microchip/mplab c32 suite/bin/../lib/gcc/pic32mx/4.5.1/../../../../pic32mx/lib\libmchp_peripheral_32MX250F128B.a(int_tbl_lib.o)

.debug_abbrev   0x00000000      0xe42
 *(.debug_abbrev)
 .debug_abbrev  0x00000000      0x308 build/PIC32MX250F128B/production/_ext/1472/usb_device.o
 .debug_abbrev  0x00000308      0x1c1 build/PIC32MX250F128B/production/_ext/1472/usb_function_generic.o
 .debug_abbrev  0x000004c9      0x17a build/PIC32MX250F128B/production/_ext/1472/usb_descriptors.o
 .debug_abbrev  0x00000643       0x36 build/PIC32MX250F128B/production/_ext/1472/main.o
 .debug_abbrev  0x00000679        0x1 build/PIC32MX250F128B/production/_ext/1472/bitsettings.o
 .debug_abbrev  0x0000067a      0x26e build/PIC32MX250F128B/production/_ext/1472/ProcessCommand.o
 .debug_abbrev  0x000008e8       0x66 build/PIC32MX250F128B/production/_ext/1472/UtSleepFirmware.o
 .debug_abbrev  0x0000094e      0x11f build/PIC32MX250F128B/production/_ext/450498885/UtPepLogic.o
 .debug_abbrev  0x00000a6d      0x22e build/PIC32MX250F128B/production/_ext/1472/PepDevice.o
 .debug_abbrev  0x00000c9b      0x182 build/PIC32MX250F128B/production/_ext/1472/UtTimeDelay.o
 .debug_abbrev  0x00000e1d       0x25 c:/program files (x86)/microchip/mplab c32 suite/bin/../lib/gcc/pic32mx/4.5.1/../../../../pic32mx/lib\libmchp_peripheral_32MX250F128B.a(int_tbl_lib.o)

.debug_line     0x00000000     0x11ab
 *(.debug_line)
 .debug_line    0x00000000      0x617 build/PIC32MX250F128B/production/_ext/1472/usb_device.o
 .debug_line    0x00000617      0x12c build/PIC32MX250F128B/production/_ext/1472/usb_function_generic.o
 .debug_line    0x00000743       0xe1 build/PIC32MX250F128B/production/_ext/1472/usb_descriptors.o
 .debug_line    0x00000824       0x3b build/PIC32MX250F128B/production/_ext/1472/main.o
 .debug_line    0x0000085f        0x0 build/PIC32MX250F128B/production/_ext/1472/bitsettings.o
 .debug_line    0x0000085f      0x2b5 build/PIC32MX250F128B/production/_ext/1472/ProcessCommand.o
 .debug_line    0x00000b14       0x4e build/PIC32MX250F128B/production/_ext/1472/UtSleepFirmware.o
 .debug_line    0x00000b62      0x304 build/PIC32MX250F128B/production/_ext/450498885/UtPepLogic.o
 .debug_line    0x00000e66      0x1e1 build/PIC32MX250F128B/production/_ext/1472/PepDevice.o
 .debug_line    0x00001047      0x100 build/PIC32MX250F128B/production/_ext/1472/UtTimeDelay.o
 .debug_line    0x00001147       0x64 c:/program files (x86)/microchip/mplab c32 suite/bin/../lib/gcc/pic32mx/4.5.1/../../../../pic32mx/lib\libmchp_peripheral_32MX250F128B.a(int_tbl_lib.o)

.debug_frame    0x00000000      0xa50
 *(.debug_frame)
 .debug_frame   0x00000000      0x288 build/PIC32MX250F128B/production/_ext/1472/usb_device.o
 .debug_frame   0x00000288       0x28 build/PIC32MX250F128B/production/_ext/1472/usb_function_generic.o
 .debug_frame   0x000002b0       0x2c build/PIC32MX250F128B/production/_ext/1472/main.o
 .debug_frame   0x000002dc      0x200 build/PIC32MX250F128B/production/_ext/1472/ProcessCommand.o
 .debug_frame   0x000004dc       0x28 build/PIC32MX250F128B/production/_ext/1472/UtSleepFirmware.o
 .debug_frame   0x00000504      0x2e4 build/PIC32MX250F128B/production/_ext/450498885/UtPepLogic.o
 .debug_frame   0x000007e8      0x14c build/PIC32MX250F128B/production/_ext/1472/PepDevice.o
 .debug_frame   0x00000934       0x7c build/PIC32MX250F128B/production/_ext/1472/UtTimeDelay.o
 .debug_frame   0x000009b0       0xa0 c:/program files (x86)/microchip/mplab c32 suite/bin/../lib/gcc/pic32mx/4.5.1/../../../../pic32mx/lib\libmchp_peripheral_32MX250F128B.a(int_tbl_lib.o)

.debug_str      0x00000000      0xad8
 *(.debug_str)
 .debug_str     0x00000000      0x31e build/PIC32MX250F128B/production/_ext/1472/usb_device.o
 .debug_str     0x0000031e      0x105 build/PIC32MX250F128B/production/_ext/1472/usb_function_generic.o
 .debug_str     0x00000423      0x161 build/PIC32MX250F128B/production/_ext/1472/usb_descriptors.o
 .debug_str     0x00000584        0x0 build/PIC32MX250F128B/production/_ext/1472/main.o
 .debug_str     0x00000584        0x0 build/PIC32MX250F128B/production/_ext/1472/bitsettings.o
 .debug_str     0x00000584      0x2e4 build/PIC32MX250F128B/production/_ext/1472/ProcessCommand.o
 .debug_str     0x00000868        0x0 build/PIC32MX250F128B/production/_ext/1472/UtSleepFirmware.o
 .debug_str     0x00000868       0xbb build/PIC32MX250F128B/production/_ext/450498885/UtPepLogic.o
 .debug_str     0x00000923      0x106 build/PIC32MX250F128B/production/_ext/1472/PepDevice.o
 .debug_str     0x00000a29       0xaf build/PIC32MX250F128B/production/_ext/1472/UtTimeDelay.o
 .debug_str     0x00000ad8        0x0 c:/program files (x86)/microchip/mplab c32 suite/bin/../lib/gcc/pic32mx/4.5.1/../../../../pic32mx/lib\libmchp_peripheral_32MX250F128B.a(int_tbl_lib.o)

.debug_loc
 *(.debug_loc)

.debug_macinfo
 *(.debug_macinfo)

.debug_weaknames
 *(.debug_weaknames)

.debug_funcnames
 *(.debug_funcnames)

.debug_typenames
 *(.debug_typenames)

.debug_varnames
 *(.debug_varnames)

.debug_pubtypes
                0x00000000      0xf97
 *(.debug_pubtypes)
 .debug_pubtypes
                0x00000000      0x284 build/PIC32MX250F128B/production/_ext/1472/usb_device.o
 .debug_pubtypes
                0x00000284      0x139 build/PIC32MX250F128B/production/_ext/1472/usb_function_generic.o
 .debug_pubtypes
                0x000003bd      0x2ac build/PIC32MX250F128B/production/_ext/1472/usb_descriptors.o
 .debug_pubtypes
                0x00000669      0x4d2 build/PIC32MX250F128B/production/_ext/1472/ProcessCommand.o
 .debug_pubtypes
                0x00000b3b       0x12 build/PIC32MX250F128B/production/_ext/1472/UtSleepFirmware.o
 .debug_pubtypes
                0x00000b4d      0x128 build/PIC32MX250F128B/production/_ext/450498885/UtPepLogic.o
 .debug_pubtypes
                0x00000c75      0x29d build/PIC32MX250F128B/production/_ext/1472/PepDevice.o
 .debug_pubtypes
                0x00000f12       0x85 build/PIC32MX250F128B/production/_ext/1472/UtTimeDelay.o

.debug_ranges   0x00000000       0x68
 *(.debug_ranges)
 .debug_ranges  0x00000000       0x18 build/PIC32MX250F128B/production/_ext/1472/usb_device.o
 .debug_ranges  0x00000018       0x50 c:/program files (x86)/microchip/mplab c32 suite/bin/../lib/gcc/pic32mx/4.5.1/../../../../pic32mx/lib\libmchp_peripheral_32MX250F128B.a(int_tbl_lib.o)

.gnu.attributes
                0x00000000       0x10
 *(.gnu.attributes)
 .gnu.attributes
                0x00000000       0x10 build/PIC32MX250F128B/production/_ext/1472/usb_device.o
 .gnu.attributes
                0x00000010       0x10 build/PIC32MX250F128B/production/_ext/1472/usb_function_generic.o
 .gnu.attributes
                0x00000020       0x10 build/PIC32MX250F128B/production/_ext/1472/usb_descriptors.o
 .gnu.attributes
                0x00000030       0x10 build/PIC32MX250F128B/production/_ext/1472/main.o
 .gnu.attributes
                0x00000040       0x10 build/PIC32MX250F128B/production/_ext/1472/bitsettings.o
 .gnu.attributes
                0x00000050       0x10 build/PIC32MX250F128B/production/_ext/1472/ProcessCommand.o
 .gnu.attributes
                0x00000060       0x10 build/PIC32MX250F128B/production/_ext/1472/UtSleepFirmware.o
 .gnu.attributes
                0x00000070       0x10 build/PIC32MX250F128B/production/_ext/450498885/UtPepLogic.o
 .gnu.attributes
                0x00000080       0x10 build/PIC32MX250F128B/production/_ext/1472/PepDevice.o
 .gnu.attributes
                0x00000090       0x10 build/PIC32MX250F128B/production/_ext/1472/UtTimeDelay.o
 .gnu.attributes
                0x000000a0       0x10 c:/program files (x86)/microchip/mplab c32 suite/bin/../lib/gcc/pic32mx/4.5.1/../../../../pic32mx/lib\liblega-c.a(default-general-exception-handler.o)
 .gnu.attributes
                0x000000b0       0x10 c:/program files (x86)/microchip/mplab c32 suite/bin/../lib/gcc/pic32mx/4.5.1/../../../../pic32mx/lib\liblega-c.a(default-bootstrap-exception-handler.o)
 .gnu.attributes
                0x000000c0       0x10 c:/program files (x86)/microchip/mplab c32 suite/bin/../lib/gcc/pic32mx/4.5.1/../../../../pic32mx/lib\liblega-c.a(default-on-reset.o)
 .gnu.attributes
                0x000000d0       0x10 c:/program files (x86)/microchip/mplab c32 suite/bin/../lib/gcc/pic32mx/4.5.1/../../../../pic32mx/lib\liblega-c.a(default-on-bootstrap.o)
 .gnu.attributes
                0x000000e0       0x10 c:/program files (x86)/microchip/mplab c32 suite/bin/../lib/gcc/pic32mx/4.5.1/../../../../pic32mx/lib\libmchp_peripheral_32MX250F128B.a(int_tbl_lib.o)
OUTPUT(dist/PIC32MX250F128B/production/USBFullSpeedPepPic32.X.production.elf elf32-tradlittlemips)
LOAD stack
LOAD data_init

.stack          0xa00002b8      0x400
 .stack         0xa00002b8      0x400 stack

.bss            0xa0000064       0xa4
 .bss           0xa0000064       0x84 build/PIC32MX250F128B/production/_ext/1472/PepDevice.o
 .bss           0xa00000e8       0x20 build/PIC32MX250F128B/production/_ext/450498885/UtPepLogic.o

.data           0xa0000108       0x14
 .data          0xa0000108       0x14 build/PIC32MX250F128B/production/_ext/1472/ProcessCommand.o

.bss            0xa000011c        0xc
 .bss           0xa000011c        0xc build/PIC32MX250F128B/production/_ext/1472/ProcessCommand.o

.text           0x9d000008     0x6504
 .text          0x9d000008     0x3454 build/PIC32MX250F128B/production/_ext/1472/usb_device.o
                0x9d000008                USBDeviceInit
                0x9d0002f4                USBDeviceTasks
                0x9d000780                USBEnableEndpoint
                0x9d000824                USBTransferOnePacket
                0x9d000a8c                USBStallEndpoint
                0x9d000c98                USBCancelIO
                0x9d0010a4                USBCtrlEPAllowStatusStage
                0x9d0012d0                USBCtrlEPAllowDataStage
 .text          0x9d00345c     0x16d0 build/PIC32MX250F128B/production/_ext/450498885/UtPepLogic.o
                0x9d004074                UtPepLogicAllocLogicContext
                0x9d0040dc                UtPepLogicFreeLogicContext
                0x9d004100                UtPepLogicSetProgrammerMode
                0x9d004224                UtPepLogicSetVccMode
                0x9d0042f4                UtPepLogicSetPinPulseMode
                0x9d004468                UtPepLogicSetVppMode
                0x9d004544                UtPepLogicSetAddress
                0x9d00458c                UtPepLogicSetAddressWithDelay
                0x9d0045fc                UtPepLogicGetData
                0x9d004670                UtPepLogicSetData
                0x9d0046ec                UtPepLogicTriggerProgram
                0x9d00489c                UtPepLogicSetOutputEnable
                0x9d0049cc                UtPepLogicReset
                0x9d004ab8                UtPepLogicSetDelays
 .text          0x9d004b2c     0x1458 build/PIC32MX250F128B/production/_ext/1472/ProcessCommand.o
                0x9d005858                InitProcessCommand
                0x9d005bd0                ProcessCommand
 .text          0x9d005f84      0x588 build/PIC32MX250F128B/production/_ext/1472/PepDevice.o
                0x9d00619c                ExecutePepDevice
                0x9d0061cc                USBCBSuspend
                0x9d0061ec                USBCBWakeFromSuspend
                0x9d00620c                USBCB_SOF_Handler
                0x9d00622c                USBCBErrorHandler
                0x9d00624c                USBCBCheckOtherReq
                0x9d00627c                USBCBStdSetDscHandler
                0x9d00629c                USBCBInitEP
                0x9d0062f4                USBCBSendResume
                0x9d0063c4                USER_USB_CALLBACK_EVENT_HANDLER

.rodata         0x9d00650c      0x558
 .rodata        0x9d00650c      0x558 c:/program files (x86)/microchip/mplab c32 suite/bin/../lib/gcc/pic32mx/4.5.1/../../../../pic32mx/lib\libmchp_peripheral_32MX250F128B.a(int_tbl_lib.o)
                0x9d00650c                __IntSrcTbl
                0x9d006854                __IntVectorTbl

.text           0x9d006a64      0x474
 .text          0x9d006a64      0x284 build/PIC32MX250F128B/production/_ext/1472/UtTimeDelay.o
                0x9d006a64                UtTimeDelay10us
                0x9d006ad4                UtTimeDelayMs
                0x9d006b6c                test
                0x9d006c5c                Timer1Handler
 .text          0x9d006ce8      0x1f0 build/PIC32MX250F128B/production/_ext/1472/usb_function_generic.o
                0x9d006ce8                USBCheckVendorRequest

.rodata         0x9d006ed8      0x150
 .rodata        0x9d006ed8      0x150 build/PIC32MX250F128B/production/_ext/1472/usb_descriptors.o
                0x9d006ed8                g_DeviceDescriptor
                0x9d006f4c                USB_CD_Ptr
                0x9d006f50                USB_SD_Ptr
                0x9d006f5c                MSOSDescriptor
                0x9d006f70                CompatIDFeatureDescriptor
                0x9d006f98                ExtPropertyFeatureDescriptor

.text.general_exception
                0x9d007028       0xd0
 .text.general_exception
                0x9d007028       0xd0 c:/program files (x86)/microchip/mplab c32 suite/bin/../lib/gcc/pic32mx/4.5.1/../../../../pic32mx/lib\liblega-c.a(legacy-general-exception.o)
                0x9d007028                _general_exception_context

.text           0x9d0070f8      0x12c
 .text          0x9d0070f8       0xa8 c:/program files (x86)/microchip/mplab c32 suite/bin/../lib/gcc/pic32mx/4.5.1/../../../../pic32mx/lib\liblega-c.a(memset.o)
                0x9d0070f8                memset
 .text          0x9d0071a0       0x84 build/PIC32MX250F128B/production/_ext/1472/UtSleepFirmware.o
                0x9d0071a0                UtSleep

.dinit          0x9d007224       0x78
 .dinit         0x9d007224       0x78 data_init

.text           0x9d00729c       0x30
 .text          0x9d00729c       0x30 build/PIC32MX250F128B/production/_ext/1472/main.o
                0x9d00729c                main

.text.INTClearFlag
                0x9d0072cc       0x2c
 .text.INTClearFlag
                0x9d0072cc       0x2c c:/program files (x86)/microchip/mplab c32 suite/bin/../lib/gcc/pic32mx/4.5.1/../../../../pic32mx/lib\libmchp_peripheral_32MX250F128B.a(int_tbl_lib.o)
                0x9d0072cc                INTClearFlag

.text           0x9d0072f8       0x48
 .text          0x9d0072f8       0x18 c:/program files (x86)/microchip/mplab c32 suite/bin/../lib/gcc/pic32mx/4.5.1/../../../../pic32mx/lib\liblega-c.a(default-nmi-handler.o)
                0x9d0072f8                _nmi_handler
 .text          0x9d007310       0x10 c:/program files (x86)/microchip/mplab c32 suite/bin/../lib/gcc/pic32mx/4.5.1/../../../../pic32mx/lib/crt0.o
                0x9d007318                __crt0_exit
 .text          0x9d007320        0x8 c:/program files (x86)/microchip/mplab c32 suite/bin/../lib/gcc/pic32mx/4.5.1/../../../../pic32mx/lib\liblega-c.a(default-general-exception-handler.o)
                0x9d007320                _general_exception_handler
 .text          0x9d007328        0x8 c:/program files (x86)/microchip/mplab c32 suite/bin/../lib/gcc/pic32mx/4.5.1/../../../../pic32mx/lib\liblega-c.a(default-bootstrap-exception-handler.o)
                0x9d007328                _bootstrap_exception_handler
 .text          0x9d007330        0x8 c:/program files (x86)/microchip/mplab c32 suite/bin/../lib/gcc/pic32mx/4.5.1/../../../../pic32mx/lib\liblega-c.a(default-on-reset.o)
                0x9d007330                _on_reset
 .text          0x9d007338        0x8 c:/program files (x86)/microchip/mplab c32 suite/bin/../lib/gcc/pic32mx/4.5.1/../../../../pic32mx/lib\liblega-c.a(default-on-bootstrap.o)
                0x9d007338                _on_bootstrap

Cross Reference Table

Symbol                                            File
AD1CHS                                            c:/program files (x86)/microchip/mplab c32 suite/bin/../lib/gcc/pic32mx/4.5.1/../../../../pic32mx/lib/./proc/32MX250F128B\processor.o
                                                  c:/program files (x86)/microchip/mplab c32 suite/bin/../lib/gcc/pic32mx/4.5.1/../../../../pic32mx/lib\liblega-c.a(default-nmi-handler.o)
                                                  c:/program files (x86)/microchip/mplab c32 suite/bin/../lib/gcc/pic32mx/4.5.1/../../../../pic32mx/lib\liblega-c.a(legacy-general-exception.o)
                                                  c:/program files (x86)/microchip/mplab c32 suite/bin/../lib/gcc/pic32mx/4.5.1/../../../../pic32mx/lib\liblega-c.a(memset.o)
                                                  c:/program files (x86)/microchip/mplab c32 suite/bin/../lib/gcc/pic32mx/4.5.1/../../../../pic32mx/lib/crt0.o
AD1CHSCLR                                         c:/program files (x86)/microchip/mplab c32 suite/bin/../lib/gcc/pic32mx/4.5.1/../../../../pic32mx/lib/./proc/32MX250F128B\processor.o
                                                  c:/program files (x86)/microchip/mplab c32 suite/bin/../lib/gcc/pic32mx/4.5.1/../../../../pic32mx/lib\liblega-c.a(default-nmi-handler.o)
                                                  c:/program files (x86)/microchip/mplab c32 suite/bin/../lib/gcc/pic32mx/4.5.1/../../../../pic32mx/lib\liblega-c.a(legacy-general-exception.o)
                                                  c:/program files (x86)/microchip/mplab c32 suite/bin/../lib/gcc/pic32mx/4.5.1/../../../../pic32mx/lib\liblega-c.a(memset.o)
                                                  c:/program files (x86)/microchip/mplab c32 suite/bin/../lib/gcc/pic32mx/4.5.1/../../../../pic32mx/lib/crt0.o
AD1CHSINV                                         c:/program files (x86)/microchip/mplab c32 suite/bin/../lib/gcc/pic32mx/4.5.1/../../../../pic32mx/lib/./proc/32MX250F128B\processor.o
                                                  c:/program files (x86)/microchip/mplab c32 suite/bin/../lib/gcc/pic32mx/4.5.1/../../../../pic32mx/lib\liblega-c.a(default-nmi-handler.o)
                                                  c:/program files (x86)/microchip/mplab c32 suite/bin/../lib/gcc/pic32mx/4.5.1/../../../../pic32mx/lib\liblega-c.a(legacy-general-exception.o)
                                                  c:/program files (x86)/microchip/mplab c32 suite/bin/../lib/gcc/pic32mx/4.5.1/../../../../pic32mx/lib\liblega-c.a(memset.o)
                                                  c:/program files (x86)/microchip/mplab c32 suite/bin/../lib/gcc/pic32mx/4.5.1/../../../../pic32mx/lib/crt0.o
AD1CHSSET                                         c:/program files (x86)/microchip/mplab c32 suite/bin/../lib/gcc/pic32mx/4.5.1/../../../../pic32mx/lib/./proc/32MX250F128B\processor.o
                                                  c:/program files (x86)/microchip/mplab c32 suite/bin/../lib/gcc/pic32mx/4.5.1/../../../../pic32mx/lib\liblega-c.a(default-nmi-handler.o)
                                                  c:/program files (x86)/microchip/mplab c32 suite/bin/../lib/gcc/pic32mx/4.5.1/../../../../pic32mx/lib\liblega-c.a(legacy-general-exception.o)
                                                  c:/program files (x86)/microchip/mplab c32 suite/bin/../lib/gcc/pic32mx/4.5.1/../../../../pic32mx/lib\liblega-c.a(memset.o)
                                                  c:/program files (x86)/microchip/mplab c32 suite/bin/../lib/gcc/pic32mx/4.5.1/../../../../pic32mx/lib/crt0.o
AD1CON1                                           c:/program files (x86)/microchip/mplab c32 suite/bin/../lib/gcc/pic32mx/4.5.1/../../../../pic32mx/lib/./proc/32MX250F128B\processor.o
                                                  c:/program files (x86)/microchip/mplab c32 suite/bin/../lib/gcc/pic32mx/4.5.1/../../../../pic32mx/lib\liblega-c.a(default-nmi-handler.o)
                                                  c:/program files (x86)/microchip/mplab c32 suite/bin/../lib/gcc/pic32mx/4.5.1/../../../../pic32mx/lib\liblega-c.a(legacy-general-exception.o)
                                                  c:/program files (x86)/microchip/mplab c32 suite/bin/../lib/gcc/pic32mx/4.5.1/../../../../pic32mx/lib\liblega-c.a(memset.o)
                                                  build/PIC32MX250F128B/production/_ext/1472/ProcessCommand.o
                                                  c:/program files (x86)/microchip/mplab c32 suite/bin/../lib/gcc/pic32mx/4.5.1/../../../../pic32mx/lib/crt0.o
AD1CON1CLR                                        c:/program files (x86)/microchip/mplab c32 suite/bin/../lib/gcc/pic32mx/4.5.1/../../../../pic32mx/lib/./proc/32MX250F128B\processor.o
                                                  c:/program files (x86)/microchip/mplab c32 suite/bin/../lib/gcc/pic32mx/4.5.1/../../../../pic32mx/lib\liblega-c.a(default-nmi-handler.o)
                                                  c:/program files (x86)/microchip/mplab c32 suite/bin/../lib/gcc/pic32mx/4.5.1/../../../../pic32mx/lib\liblega-c.a(legacy-general-exception.o)
                                                  c:/program files (x86)/microchip/mplab c32 suite/bin/../lib/gcc/pic32mx/4.5.1/../../../../pic32mx/lib\liblega-c.a(memset.o)
                                                  c:/program files (x86)/microchip/mplab c32 suite/bin/../lib/gcc/pic32mx/4.5.1/../../../../pic32mx/lib/crt0.o
AD1CON1INV                                        c:/program files (x86)/microchip/mplab c32 suite/bin/../lib/gcc/pic32mx/4.5.1/../../../../pic32mx/lib/./proc/32MX250F128B\processor.o
                                                  c:/program files (x86)/microchip/mplab c32 suite/bin/../lib/gcc/pic32mx/4.5.1/../../../../pic32mx/lib\liblega-c.a(default-nmi-handler.o)
                                                  c:/program files (x86)/microchip/mplab c32 suite/bin/../lib/gcc/pic32mx/4.5.1/../../../../pic32mx/lib\liblega-c.a(legacy-general-exception.o)
                                                  c:/program files (x86)/microchip/mplab c32 suite/bin/../lib/gcc/pic32mx/4.5.1/../../../../pic32mx/lib\liblega-c.a(memset.o)
                                                  c:/program files (x86)/microchip/mplab c32 suite/bin/../lib/gcc/pic32mx/4.5.1/../../../../pic32mx/lib/crt0.o
AD1CON1SET                                        c:/program files (x86)/microchip/mplab c32 suite/bin/../lib/gcc/pic32mx/4.5.1/../../../../pic32mx/lib/./proc/32MX250F128B\processor.o
                                                  c:/program files (x86)/microchip/mplab c32 suite/bin/../lib/gcc/pic32mx/4.5.1/../../../../pic32mx/lib\liblega-c.a(default-nmi-handler.o)
                                                  c:/program files (x86)/microchip/mplab c32 suite/bin/../lib/gcc/pic32mx/4.5.1/../../../../pic32mx/lib\liblega-c.a(legacy-general-exception.o)
                                                  c:/program files (x86)/microchip/mplab c32 suite/bin/../lib/gcc/pic32mx/4.5.1/../../../../pic32mx/lib\liblega-c.a(memset.o)
                                                  c:/program files (x86)/microchip/mplab c32 suite/bin/../lib/gcc/pic32mx/4.5.1/../../../../pic32mx/lib/crt0.o
AD1CON2                                           c:/program files (x86)/microchip/mplab c32 suite/bin/../lib/gcc/pic32mx/4.5.1/../../../../pic32mx/lib/./proc/32MX250F128B\processor.o
                                                  c:/program files (x86)/microchip/mplab c32 suite/bin/../lib/gcc/pic32mx/4.5.1/../../../../pic32mx/lib\liblega-c.a(default-nmi-handler.o)
                                                  c:/program files (x86)/microchip/mplab c32 suite/bin/../lib/gcc/pic32mx/4.5.1/../../../../pic32mx/lib\liblega-c.a(legacy-general-exception.o)
                                                  c:/program files (x86)/microchip/mplab c32 suite/bin/../lib/gcc/pic32mx/4.5.1/../../../../pic32mx/lib\liblega-c.a(memset.o)
                                                  c:/program files (x86)/microchip/mplab c32 suite/bin/../lib/gcc/pic32mx/4.5.1/../../../../pic32mx/lib/crt0.o
AD1CON2CLR                                        c:/program files (x86)/microchip/mplab c32 suite/bin/../lib/gcc/pic32mx/4.5.1/../../../../pic32mx/lib/./proc/32MX250F128B\processor.o
                                                  c:/program files (x86)/microchip/mplab c32 suite/bin/../lib/gcc/pic32mx/4.5.1/../../../../pic32mx/lib\liblega-c.a(default-nmi-handler.o)
                                                  c:/program files (x86)/microchip/mplab c32 suite/bin/../lib/gcc/pic32mx/4.5.1/../../../../pic32mx/lib\liblega-c.a(legacy-general-exception.o)
                                                  c:/program files (x86)/microchip/mplab c32 suite/bin/../lib/gcc/pic32mx/4.5.1/../../../../pic32mx/lib\liblega-c.a(memset.o)
                                                  c:/program files (x86)/microchip/mplab c32 suite/bin/../lib/gcc/pic32mx/4.5.1/../../../../pic32mx/lib/crt0.o
AD1CON2INV                                        c:/program files (x86)/microchip/mplab c32 suite/bin/../lib/gcc/pic32mx/4.5.1/../../../../pic32mx/lib/./proc/32MX250F128B\processor.o
                                                  c:/program files (x86)/microchip/mplab c32 suite/bin/../lib/gcc/pic32mx/4.5.1/../../../../pic32mx/lib\liblega-c.a(default-nmi-handler.o)
                                                  c:/program files (x86)/microchip/mplab c32 suite/bin/../lib/gcc/pic32mx/4.5.1/../../../../pic32mx/lib\liblega-c.a(legacy-general-exception.o)
                                                  c:/program files (x86)/microchip/mplab c32 suite/bin/../lib/gcc/pic32mx/4.5.1/../../../../pic32mx/lib\liblega-c.a(memset.o)
                                                  c:/program files (x86)/microchip/mplab c32 suite/bin/../lib/gcc/pic32mx/4.5.1/../../../../pic32mx/lib/crt0.o
AD1CON2SET                                        c:/program files (x86)/microchip/mplab c32 suite/bin/../lib/gcc/pic32mx/4.5.1/../../../../pic32mx/lib/./proc/32MX250F128B\processor.o
                                                  c:/program files (x86)/microchip/mplab c32 suite/bin/../lib/gcc/pic32mx/4.5.1/../../../../pic32mx/lib\liblega-c.a(default-nmi-handler.o)
                                                  c:/program files (x86)/microchip/mplab c32 suite/bin/../lib/gcc/pic32mx/4.5.1/../../../../pic32mx/lib\liblega-c.a(legacy-general-exception.o)
                                                  c:/program files (x86)/microchip/mplab c32 suite/bin/../lib/gcc/pic32mx/4.5.1/../../../../pic32mx/lib\liblega-c.a(memset.o)
                                                  c:/program files (x86)/microchip/mplab c32 suite/bin/../lib/gcc/pic32mx/4.5.1/../../../../pic32mx/lib/crt0.o
AD1CON3                                           c:/program files (x86)/microchip/mplab c32 suite/bin/../lib/gcc/pic32mx/4.5.1/../../../../pic32mx/lib/./proc/32MX250F128B\processor.o
                                                  c:/program files (x86)/microchip/mplab c32 suite/bin/../lib/gcc/pic32mx/4.5.1/../../../../pic32mx/lib\liblega-c.a(default-nmi-handler.o)
                                                  c:/program files (x86)/microchip/mplab c32 suite/bin/../lib/gcc/pic32mx/4.5.1/../../../../pic32mx/lib\liblega-c.a(legacy-general-exception.o)
                                                  c:/program files (x86)/microchip/mplab c32 suite/bin/../lib/gcc/pic32mx/4.5.1/../../../../pic32mx/lib\liblega-c.a(memset.o)
                                                  c:/program files (x86)/microchip/mplab c32 suite/bin/../lib/gcc/pic32mx/4.5.1/../../../../pic32mx/lib/crt0.o
AD1CON3CLR                                        c:/program files (x86)/microchip/mplab c32 suite/bin/../lib/gcc/pic32mx/4.5.1/../../../../pic32mx/lib/./proc/32MX250F128B\processor.o
                                                  c:/program files (x86)/microchip/mplab c32 suite/bin/../lib/gcc/pic32mx/4.5.1/../../../../pic32mx/lib\liblega-c.a(default-nmi-handler.o)
                                                  c:/program files (x86)/microchip/mplab c32 suite/bin/../lib/gcc/pic32mx/4.5.1/../../../../pic32mx/lib\liblega-c.a(legacy-general-exception.o)
                                                  c:/program files (x86)/microchip/mplab c32 suite/bin/../lib/gcc/pic32mx/4.5.1/../../../../pic32mx/lib\liblega-c.a(memset.o)
                                                  c:/program files (x86)/microchip/mplab c32 suite/bin/../lib/gcc/pic32mx/4.5.1/../../../../pic32mx/lib/crt0.o
AD1CON3INV                                        c:/program files (x86)/microchip/mplab c32 suite/bin/../lib/gcc/pic32mx/4.5.1/../../../../pic32mx/lib/./proc/32MX250F128B\processor.o
                                                  c:/program files (x86)/microchip/mplab c32 suite/bin/../lib/gcc/pic32mx/4.5.1/../../../../pic32mx/lib\liblega-c.a(default-nmi-handler.o)
                                                  c:/program files (x86)/microchip/mplab c32 suite/bin/../lib/gcc/pic32mx/4.5.1/../../../../pic32mx/lib\liblega-c.a(legacy-general-exception.o)
                                                  c:/program files (x86)/microchip/mplab c32 suite/bin/../lib/gcc/pic32mx/4.5.1/../../../../pic32mx/lib\liblega-c.a(memset.o)
                                                  c:/program files (x86)/microchip/mplab c32 suite/bin/../lib/gcc/pic32mx/4.5.1/../../../../pic32mx/lib/crt0.o
AD1CON3SET                                        c:/program files (x86)/microchip/mplab c32 suite/bin/../lib/gcc/pic32mx/4.5.1/../../../../pic32mx/lib/./proc/32MX250F128B\processor.o
                                                  c:/program files (x86)/microchip/mplab c32 suite/bin/../lib/gcc/pic32mx/4.5.1/../../../../pic32mx/lib\liblega-c.a(default-nmi-handler.o)
                                                  c:/program files (x86)/microchip/mplab c32 suite/bin/../lib/gcc/pic32mx/4.5.1/../../../../pic32mx/lib\liblega-c.a(legacy-general-exception.o)
                                                  c:/program files (x86)/microchip/mplab c32 suite/bin/../lib/gcc/pic32mx/4.5.1/../../../../pic32mx/lib\liblega-c.a(memset.o)
                                                  c:/program files (x86)/microchip/mplab c32 suite/bin/../lib/gcc/pic32mx/4.5.1/../../../../pic32mx/lib/crt0.o
AD1CSSL                                           c:/program files (x86)/microchip/mplab c32 suite/bin/../lib/gcc/pic32mx/4.5.1/../../../../pic32mx/lib/./proc/32MX250F128B\processor.o
                                                  c:/program files (x86)/microchip/mplab c32 suite/bin/../lib/gcc/pic32mx/4.5.1/../../../../pic32mx/lib\liblega-c.a(default-nmi-handler.o)
                                                  c:/program files (x86)/microchip/mplab c32 suite/bin/../lib/gcc/pic32mx/4.5.1/../../../../pic32mx/lib\liblega-c.a(legacy-general-exception.o)
                                                  c:/program files (x86)/microchip/mplab c32 suite/bin/../lib/gcc/pic32mx/4.5.1/../../../../pic32mx/lib\liblega-c.a(memset.o)
                                                  c:/program files (x86)/microchip/mplab c32 suite/bin/../lib/gcc/pic32mx/4.5.1/../../../../pic32mx/lib/crt0.o
AD1CSSLCLR                                        c:/program files (x86)/microchip/mplab c32 suite/bin/../lib/gcc/pic32mx/4.5.1/../../../../pic32mx/lib/./proc/32MX250F128B\processor.o
                                                  c:/program files (x86)/microchip/mplab c32 suite/bin/../lib/gcc/pic32mx/4.5.1/../../../../pic32mx/lib\liblega-c.a(default-nmi-handler.o)
                                                  c:/program files (x86)/microchip/mplab c32 suite/bin/../lib/gcc/pic32mx/4.5.1/../../../../pic32mx/lib\liblega-c.a(legacy-general-exception.o)
                                                  c:/program files (x86)/microchip/mplab c32 suite/bin/../lib/gcc/pic32mx/4.5.1/../../../../pic32mx/lib\liblega-c.a(memset.o)
                                                  c:/program files (x86)/microchip/mplab c32 suite/bin/../lib/gcc/pic32mx/4.5.1/../../../../pic32mx/lib/crt0.o
AD1CSSLINV                                        c:/program files (x86)/microchip/mplab c32 suite/bin/../lib/gcc/pic32mx/4.5.1/../../../../pic32mx/lib/./proc/32MX250F128B\processor.o
                                                  c:/program files (x86)/microchip/mplab c32 suite/bin/../lib/gcc/pic32mx/4.5.1/../../../../pic32mx/lib\liblega-c.a(default-nmi-handler.o)
                                                  c:/program files (x86)/microchip/mplab c32 suite/bin/../lib/gcc/pic32mx/4.5.1/../../../../pic32mx/lib\liblega-c.a(legacy-general-exception.o)
                                                  c:/program files (x86)/microchip/mplab c32 suite/bin/../lib/gcc/pic32mx/4.5.1/../../../../pic32mx/lib\liblega-c.a(memset.o)
                                                  c:/program files (x86)/microchip/mplab c32 suite/bin/../lib/gcc/pic32mx/4.5.1/../../../../pic32mx/lib/crt0.o
AD1CSSLSET                                        c:/program files (x86)/microchip/mplab c32 suite/bin/../lib/gcc/pic32mx/4.5.1/../../../../pic32mx/lib/./proc/32MX250F128B\processor.o
                                                  c:/program files (x86)/microchip/mplab c32 suite/bin/../lib/gcc/pic32mx/4.5.1/../../../../pic32mx/lib\liblega-c.a(default-nmi-handler.o)
                                                  c:/program files (x86)/microchip/mplab c32 suite/bin/../lib/gcc/pic32mx/4.5.1/../../../../pic32mx/lib\liblega-c.a(legacy-general-exception.o)
                                                  c:/program files (x86)/microchip/mplab c32 suite/bin/../lib/gcc/pic32mx/4.5.1/../../../../pic32mx/lib\liblega-c.a(memset.o)
                                                  c:/program files (x86)/microchip/mplab c32 suite/bin/../lib/gcc/pic32mx/4.5.1/../../../../pic32mx/lib/crt0.o
AD1PCFG                                           c:/program files (x86)/microchip/mplab c32 suite/bin/../lib/gcc/pic32mx/4.5.1/../../../../pic32mx/lib\liblega-c.a(default-nmi-handler.o)
                                                  c:/program files (x86)/microchip/mplab c32 suite/bin/../lib/gcc/pic32mx/4.5.1/../../../../pic32mx/lib\liblega-c.a(legacy-general-exception.o)
                                                  c:/program files (x86)/microchip/mplab c32 suite/bin/../lib/gcc/pic32mx/4.5.1/../../../../pic32mx/lib\liblega-c.a(memset.o)
                                                  c:/program files (x86)/microchip/mplab c32 suite/bin/../lib/gcc/pic32mx/4.5.1/../../../../pic32mx/lib/crt0.o
AD1PCFGCLR                                        c:/program files (x86)/microchip/mplab c32 suite/bin/../lib/gcc/pic32mx/4.5.1/../../../../pic32mx/lib\liblega-c.a(default-nmi-handler.o)
                                                  c:/program files (x86)/microchip/mplab c32 suite/bin/../lib/gcc/pic32mx/4.5.1/../../../../pic32mx/lib\liblega-c.a(legacy-general-exception.o)
                                                  c:/program files (x86)/microchip/mplab c32 suite/bin/../lib/gcc/pic32mx/4.5.1/../../../../pic32mx/lib\liblega-c.a(memset.o)
                                                  c:/program files (x86)/microchip/mplab c32 suite/bin/../lib/gcc/pic32mx/4.5.1/../../../../pic32mx/lib/crt0.o
AD1PCFGINV                                        c:/program files (x86)/microchip/mplab c32 suite/bin/../lib/gcc/pic32mx/4.5.1/../../../../pic32mx/lib\liblega-c.a(default-nmi-handler.o)
                                                  c:/program files (x86)/microchip/mplab c32 suite/bin/../lib/gcc/pic32mx/4.5.1/../../../../pic32mx/lib\liblega-c.a(legacy-general-exception.o)
                                                  c:/program files (x86)/microchip/mplab c32 suite/bin/../lib/gcc/pic32mx/4.5.1/../../../../pic32mx/lib\liblega-c.a(memset.o)
                                                  c:/program files (x86)/microchip/mplab c32 suite/bin/../lib/gcc/pic32mx/4.5.1/../../../../pic32mx/lib/crt0.o
AD1PCFGSET                                        c:/program files (x86)/microchip/mplab c32 suite/bin/../lib/gcc/pic32mx/4.5.1/../../../../pic32mx/lib\liblega-c.a(default-nmi-handler.o)
                                                  c:/program files (x86)/microchip/mplab c32 suite/bin/../lib/gcc/pic32mx/4.5.1/../../../../pic32mx/lib\liblega-c.a(legacy-general-exception.o)
                                                  c:/program files (x86)/microchip/mplab c32 suite/bin/../lib/gcc/pic32mx/4.5.1/../../../../pic32mx/lib\liblega-c.a(memset.o)
                                                  c:/program files (x86)/microchip/mplab c32 suite/bin/../lib/gcc/pic32mx/4.5.1/../../../../pic32mx/lib/crt0.o
ADC1BUF0                                          c:/program files (x86)/microchip/mplab c32 suite/bin/../lib/gcc/pic32mx/4.5.1/../../../../pic32mx/lib/./proc/32MX250F128B\processor.o
                                                  c:/program files (x86)/microchip/mplab c32 suite/bin/../lib/gcc/pic32mx/4.5.1/../../../../pic32mx/lib\liblega-c.a(default-nmi-handler.o)
                                                  c:/program files (x86)/microchip/mplab c32 suite/bin/../lib/gcc/pic32mx/4.5.1/../../../../pic32mx/lib\liblega-c.a(legacy-general-exception.o)
                                                  c:/program files (x86)/microchip/mplab c32 suite/bin/../lib/gcc/pic32mx/4.5.1/../../../../pic32mx/lib\liblega-c.a(memset.o)
                                                  c:/program files (x86)/microchip/mplab c32 suite/bin/../lib/gcc/pic32mx/4.5.1/../../../../pic32mx/lib/crt0.o
ADC1BUF1                                          c:/program files (x86)/microchip/mplab c32 suite/bin/../lib/gcc/pic32mx/4.5.1/../../../../pic32mx/lib/./proc/32MX250F128B\processor.o
                                                  c:/program files (x86)/microchip/mplab c32 suite/bin/../lib/gcc/pic32mx/4.5.1/../../../../pic32mx/lib\liblega-c.a(default-nmi-handler.o)
                                                  c:/program files (x86)/microchip/mplab c32 suite/bin/../lib/gcc/pic32mx/4.5.1/../../../../pic32mx/lib\liblega-c.a(legacy-general-exception.o)
                                                  c:/program files (x86)/microchip/mplab c32 suite/bin/../lib/gcc/pic32mx/4.5.1/../../../../pic32mx/lib\liblega-c.a(memset.o)
                                                  c:/program files (x86)/microchip/mplab c32 suite/bin/../lib/gcc/pic32mx/4.5.1/../../../../pic32mx/lib/crt0.o
ADC1BUF2                                          c:/program files (x86)/microchip/mplab c32 suite/bin/../lib/gcc/pic32mx/4.5.1/../../../../pic32mx/lib/./proc/32MX250F128B\processor.o
                                                  c:/program files (x86)/microchip/mplab c32 suite/bin/../lib/gcc/pic32mx/4.5.1/../../../../pic32mx/lib\liblega-c.a(default-nmi-handler.o)
                                                  c:/program files (x86)/microchip/mplab c32 suite/bin/../lib/gcc/pic32mx/4.5.1/../../../../pic32mx/lib\liblega-c.a(legacy-general-exception.o)
                                                  c:/program files (x86)/microchip/mplab c32 suite/bin/../lib/gcc/pic32mx/4.5.1/../../../../pic32mx/lib\liblega-c.a(memset.o)
                                                  c:/program files (x86)/microchip/mplab c32 suite/bin/../lib/gcc/pic32mx/4.5.1/../../../../pic32mx/lib/crt0.o
ADC1BUF3                                          c:/program files (x86)/microchip/mplab c32 suite/bin/../lib/gcc/pic32mx/4.5.1/../../../../pic32mx/lib/./proc/32MX250F128B\processor.o
                                                  c:/program files (x86)/microchip/mplab c32 suite/bin/../lib/gcc/pic32mx/4.5.1/../../../../pic32mx/lib\liblega-c.a(default-nmi-handler.o)
                                                  c:/program files (x86)/microchip/mplab c32 suite/bin/../lib/gcc/pic32mx/4.5.1/../../../../pic32mx/lib\liblega-c.a(legacy-general-exception.o)
                                                  c:/program files (x86)/microchip/mplab c32 suite/bin/../lib/gcc/pic32mx/4.5.1/../../../../pic32mx/lib\liblega-c.a(memset.o)
                                                  c:/program files (x86)/microchip/mplab c32 suite/bin/../lib/gcc/pic32mx/4.5.1/../../../../pic32mx/lib/crt0.o
ADC1BUF4                                          c:/program files (x86)/microchip/mplab c32 suite/bin/../lib/gcc/pic32mx/4.5.1/../../../../pic32mx/lib/./proc/32MX250F128B\processor.o
                                                  c:/program files (x86)/microchip/mplab c32 suite/bin/../lib/gcc/pic32mx/4.5.1/../../../../pic32mx/lib\liblega-c.a(default-nmi-handler.o)
                                                  c:/program files (x86)/microchip/mplab c32 suite/bin/../lib/gcc/pic32mx/4.5.1/../../../../pic32mx/lib\liblega-c.a(legacy-general-exception.o)
                                                  c:/program files (x86)/microchip/mplab c32 suite/bin/../lib/gcc/pic32mx/4.5.1/../../../../pic32mx/lib\liblega-c.a(memset.o)
                                                  c:/program files (x86)/microchip/mplab c32 suite/bin/../lib/gcc/pic32mx/4.5.1/../../../../pic32mx/lib/crt0.o
ADC1BUF5                                          c:/program files (x86)/microchip/mplab c32 suite/bin/../lib/gcc/pic32mx/4.5.1/../../../../pic32mx/lib/./proc/32MX250F128B\processor.o
                                                  c:/program files (x86)/microchip/mplab c32 suite/bin/../lib/gcc/pic32mx/4.5.1/../../../../pic32mx/lib\liblega-c.a(default-nmi-handler.o)
                                                  c:/program files (x86)/microchip/mplab c32 suite/bin/../lib/gcc/pic32mx/4.5.1/../../../../pic32mx/lib\liblega-c.a(legacy-general-exception.o)
                                                  c:/program files (x86)/microchip/mplab c32 suite/bin/../lib/gcc/pic32mx/4.5.1/../../../../pic32mx/lib\liblega-c.a(memset.o)
                                                  c:/program files (x86)/microchip/mplab c32 suite/bin/../lib/gcc/pic32mx/4.5.1/../../../../pic32mx/lib/crt0.o
ADC1BUF6                                          c:/program files (x86)/microchip/mplab c32 suite/bin/../lib/gcc/pic32mx/4.5.1/../../../../pic32mx/lib/./proc/32MX250F128B\processor.o
                                                  c:/program files (x86)/microchip/mplab c32 suite/bin/../lib/gcc/pic32mx/4.5.1/../../../../pic32mx/lib\liblega-c.a(default-nmi-handler.o)
                                                  c:/program files (x86)/microchip/mplab c32 suite/bin/../lib/gcc/pic32mx/4.5.1/../../../../pic32mx/lib\liblega-c.a(legacy-general-exception.o)
                                                  c:/program files (x86)/microchip/mplab c32 suite/bin/../lib/gcc/pic32mx/4.5.1/../../../../pic32mx/lib\liblega-c.a(memset.o)
                                                  c:/program files (x86)/microchip/mplab c32 suite/bin/../lib/gcc/pic32mx/4.5.1/../../../../pic32mx/lib/crt0.o
ADC1BUF7                                          c:/program files (x86)/microchip/mplab c32 suite/bin/../lib/gcc/pic32mx/4.5.1/../../../../pic32mx/lib/./proc/32MX250F128B\processor.o
                                                  c:/program files (x86)/microchip/mplab c32 suite/bin/../lib/gcc/pic32mx/4.5.1/../../../../pic32mx/lib\liblega-c.a(default-nmi-handler.o)
                                                  c:/program files (x86)/microchip/mplab c32 suite/bin/../lib/gcc/pic32mx/4.5.1/../../../../pic32mx/lib\liblega-c.a(legacy-general-exception.o)
                                                  c:/program files (x86)/microchip/mplab c32 suite/bin/../lib/gcc/pic32mx/4.5.1/../../../../pic32mx/lib\liblega-c.a(memset.o)
                                                  c:/program files (x86)/microchip/mplab c32 suite/bin/../lib/gcc/pic32mx/4.5.1/../../../../pic32mx/lib/crt0.o
ADC1BUF8                                          c:/program files (x86)/microchip/mplab c32 suite/bin/../lib/gcc/pic32mx/4.5.1/../../../../pic32mx/lib/./proc/32MX250F128B\processor.o
                                                  c:/program files (x86)/microchip/mplab c32 suite/bin/../lib/gcc/pic32mx/4.5.1/../../../../pic32mx/lib\liblega-c.a(default-nmi-handler.o)
                                                  c:/program files (x86)/microchip/mplab c32 suite/bin/../lib/gcc/pic32mx/4.5.1/../../../../pic32mx/lib\liblega-c.a(legacy-general-exception.o)
                                                  c:/program files (x86)/microchip/mplab c32 suite/bin/../lib/gcc/pic32mx/4.5.1/../../../../pic32mx/lib\liblega-c.a(memset.o)
                                                  c:/program files (x86)/microchip/mplab c32 suite/bin/../lib/gcc/pic32mx/4.5.1/../../../../pic32mx/lib/crt0.o
ADC1BUF9                                          c:/program files (x86)/microchip/mplab c32 suite/bin/../lib/gcc/pic32mx/4.5.1/../../../../pic32mx/lib/./proc/32MX250F128B\processor.o
                                                  c:/program files (x86)/microchip/mplab c32 suite/bin/../lib/gcc/pic32mx/4.5.1/../../../../pic32mx/lib\liblega-c.a(default-nmi-handler.o)
                                                  c:/program files (x86)/microchip/mplab c32 suite/bin/../lib/gcc/pic32mx/4.5.1/../../../../pic32mx/lib\liblega-c.a(legacy-general-exception.o)
                                                  c:/program files (x86)/microchip/mplab c32 suite/bin/../lib/gcc/pic32mx/4.5.1/../../../../pic32mx/lib\liblega-c.a(memset.o)
                                                  c:/program files (x86)/microchip/mplab c32 suite/bin/../lib/gcc/pic32mx/4.5.1/../../../../pic32mx/lib/crt0.o
ADC1BUFA                                          c:/program files (x86)/microchip/mplab c32 suite/bin/../lib/gcc/pic32mx/4.5.1/../../../../pic32mx/lib/./proc/32MX250F128B\processor.o
                                                  c:/program files (x86)/microchip/mplab c32 suite/bin/../lib/gcc/pic32mx/4.5.1/../../../../pic32mx/lib\liblega-c.a(default-nmi-handler.o)
                                                  c:/program files (x86)/microchip/mplab c32 suite/bin/../lib/gcc/pic32mx/4.5.1/../../../../pic32mx/lib\liblega-c.a(legacy-general-exception.o)
                                                  c:/program files (x86)/microchip/mplab c32 suite/bin/../lib/gcc/pic32mx/4.5.1/../../../../pic32mx/lib\liblega-c.a(memset.o)
                                                  c:/program files (x86)/microchip/mplab c32 suite/bin/../lib/gcc/pic32mx/4.5.1/../../../../pic32mx/lib/crt0.o
ADC1BUFB                                          c:/program files (x86)/microchip/mplab c32 suite/bin/../lib/gcc/pic32mx/4.5.1/../../../../pic32mx/lib/./proc/32MX250F128B\processor.o
                                                  c:/program files (x86)/microchip/mplab c32 suite/bin/../lib/gcc/pic32mx/4.5.1/../../../../pic32mx/lib\liblega-c.a(default-nmi-handler.o)
                                                  c:/program files (x86)/microchip/mplab c32 suite/bin/../lib/gcc/pic32mx/4.5.1/../../../../pic32mx/lib\liblega-c.a(legacy-general-exception.o)
                                                  c:/program files (x86)/microchip/mplab c32 suite/bin/../lib/gcc/pic32mx/4.5.1/../../../../pic32mx/lib\liblega-c.a(memset.o)
                                                  c:/program files (x86)/microchip/mplab c32 suite/bin/../lib/gcc/pic32mx/4.5.1/../../../../pic32mx/lib/crt0.o
ADC1BUFC                                          c:/program files (x86)/microchip/mplab c32 suite/bin/../lib/gcc/pic32mx/4.5.1/../../../../pic32mx/lib/./proc/32MX250F128B\processor.o
                                                  c:/program files (x86)/microchip/mplab c32 suite/bin/../lib/gcc/pic32mx/4.5.1/../../../../pic32mx/lib\liblega-c.a(default-nmi-handler.o)
                                                  c:/program files (x86)/microchip/mplab c32 suite/bin/../lib/gcc/pic32mx/4.5.1/../../../../pic32mx/lib\liblega-c.a(legacy-general-exception.o)
                                                  c:/program files (x86)/microchip/mplab c32 suite/bin/../lib/gcc/pic32mx/4.5.1/../../../../pic32mx/lib\liblega-c.a(memset.o)
                                                  c:/program files (x86)/microchip/mplab c32 suite/bin/../lib/gcc/pic32mx/4.5.1/../../../../pic32mx/lib/crt0.o
ADC1BUFD                                          c:/program files (x86)/microchip/mplab c32 suite/bin/../lib/gcc/pic32mx/4.5.1/../../../../pic32mx/lib/./proc/32MX250F128B\processor.o
                                                  c:/program files (x86)/microchip/mplab c32 suite/bin/../lib/gcc/pic32mx/4.5.1/../../../../pic32mx/lib\liblega-c.a(default-nmi-handler.o)
                                                  c:/program files (x86)/microchip/mplab c32 suite/bin/../lib/gcc/pic32mx/4.5.1/../../../../pic32mx/lib\liblega-c.a(legacy-general-exception.o)
                                                  c:/program files (x86)/microchip/mplab c32 suite/bin/../lib/gcc/pic32mx/4.5.1/../../../../pic32mx/lib\liblega-c.a(memset.o)
                                                  c:/program files (x86)/microchip/mplab c32 suite/bin/../lib/gcc/pic32mx/4.5.1/../../../../pic32mx/lib/crt0.o
ADC1BUFE                                          c:/program files (x86)/microchip/mplab c32 suite/bin/../lib/gcc/pic32mx/4.5.1/../../../../pic32mx/lib/./proc/32MX250F128B\processor.o
                                                  c:/program files (x86)/microchip/mplab c32 suite/bin/../lib/gcc/pic32mx/4.5.1/../../../../pic32mx/lib\liblega-c.a(default-nmi-handler.o)
                                                  c:/program files (x86)/microchip/mplab c32 suite/bin/../lib/gcc/pic32mx/4.5.1/../../../../pic32mx/lib\liblega-c.a(legacy-general-exception.o)
                                                  c:/program files (x86)/microchip/mplab c32 suite/bin/../lib/gcc/pic32mx/4.5.1/../../../../pic32mx/lib\liblega-c.a(memset.o)
                                                  c:/program files (x86)/microchip/mplab c32 suite/bin/../lib/gcc/pic32mx/4.5.1/../../../../pic32mx/lib/crt0.o
ADC1BUFF                                          c:/program files (x86)/microchip/mplab c32 suite/bin/../lib/gcc/pic32mx/4.5.1/../../../../pic32mx/lib/./proc/32MX250F128B\processor.o
                                                  c:/program files (x86)/microchip/mplab c32 suite/bin/../lib/gcc/pic32mx/4.5.1/../../../../pic32mx/lib\liblega-c.a(default-nmi-handler.o)
                                                  c:/program files (x86)/microchip/mplab c32 suite/bin/../lib/gcc/pic32mx/4.5.1/../../../../pic32mx/lib\liblega-c.a(legacy-general-exception.o)
                                                  c:/program files (x86)/microchip/mplab c32 suite/bin/../lib/gcc/pic32mx/4.5.1/../../../../pic32mx/lib\liblega-c.a(memset.o)
                                                  c:/program files (x86)/microchip/mplab c32 suite/bin/../lib/gcc/pic32mx/4.5.1/../../../../pic32mx/lib/crt0.o
ALRMDATE                                          c:/program files (x86)/microchip/mplab c32 suite/bin/../lib/gcc/pic32mx/4.5.1/../../../../pic32mx/lib/./proc/32MX250F128B\processor.o
                                                  c:/program files (x86)/microchip/mplab c32 suite/bin/../lib/gcc/pic32mx/4.5.1/../../../../pic32mx/lib\liblega-c.a(default-nmi-handler.o)
                                                  c:/program files (x86)/microchip/mplab c32 suite/bin/../lib/gcc/pic32mx/4.5.1/../../../../pic32mx/lib\liblega-c.a(legacy-general-exception.o)
                                                  c:/program files (x86)/microchip/mplab c32 suite/bin/../lib/gcc/pic32mx/4.5.1/../../../../pic32mx/lib\liblega-c.a(memset.o)
                                                  c:/program files (x86)/microchip/mplab c32 suite/bin/../lib/gcc/pic32mx/4.5.1/../../../../pic32mx/lib/crt0.o
ALRMDATECLR                                       c:/program files (x86)/microchip/mplab c32 suite/bin/../lib/gcc/pic32mx/4.5.1/../../../../pic32mx/lib/./proc/32MX250F128B\processor.o
                                                  c:/program files (x86)/microchip/mplab c32 suite/bin/../lib/gcc/pic32mx/4.5.1/../../../../pic32mx/lib\liblega-c.a(default-nmi-handler.o)
                                                  c:/program files (x86)/microchip/mplab c32 suite/bin/../lib/gcc/pic32mx/4.5.1/../../../../pic32mx/lib\liblega-c.a(legacy-general-exception.o)
                                                  c:/program files (x86)/microchip/mplab c32 suite/bin/../lib/gcc/pic32mx/4.5.1/../../../../pic32mx/lib\liblega-c.a(memset.o)
                                                  c:/program files (x86)/microchip/mplab c32 suite/bin/../lib/gcc/pic32mx/4.5.1/../../../../pic32mx/lib/crt0.o
ALRMDATEINV                                       c:/program files (x86)/microchip/mplab c32 suite/bin/../lib/gcc/pic32mx/4.5.1/../../../../pic32mx/lib/./proc/32MX250F128B\processor.o
                                                  c:/program files (x86)/microchip/mplab c32 suite/bin/../lib/gcc/pic32mx/4.5.1/../../../../pic32mx/lib\liblega-c.a(default-nmi-handler.o)
                                                  c:/program files (x86)/microchip/mplab c32 suite/bin/../lib/gcc/pic32mx/4.5.1/../../../../pic32mx/lib\liblega-c.a(legacy-general-exception.o)
                                                  c:/program files (x86)/microchip/mplab c32 suite/bin/../lib/gcc/pic32mx/4.5.1/../../../../pic32mx/lib\liblega-c.a(memset.o)
                                                  c:/program files (x86)/microchip/mplab c32 suite/bin/../lib/gcc/pic32mx/4.5.1/../../../../pic32mx/lib/crt0.o
ALRMDATESET                                       c:/program files (x86)/microchip/mplab c32 suite/bin/../lib/gcc/pic32mx/4.5.1/../../../../pic32mx/lib/./proc/32MX250F128B\processor.o
                                                  c:/program files (x86)/microchip/mplab c32 suite/bin/../lib/gcc/pic32mx/4.5.1/../../../../pic32mx/lib\liblega-c.a(default-nmi-handler.o)
                                                  c:/program files (x86)/microchip/mplab c32 suite/bin/../lib/gcc/pic32mx/4.5.1/../../../../pic32mx/lib\liblega-c.a(legacy-general-exception.o)
                                                  c:/program files (x86)/microchip/mplab c32 suite/bin/../lib/gcc/pic32mx/4.5.1/../../../../pic32mx/lib\liblega-c.a(memset.o)
                                                  c:/program files (x86)/microchip/mplab c32 suite/bin/../lib/gcc/pic32mx/4.5.1/../../../../pic32mx/lib/crt0.o
ALRMTIME                                          c:/program files (x86)/microchip/mplab c32 suite/bin/../lib/gcc/pic32mx/4.5.1/../../../../pic32mx/lib/./proc/32MX250F128B\processor.o
                                                  c:/program files (x86)/microchip/mplab c32 suite/bin/../lib/gcc/pic32mx/4.5.1/../../../../pic32mx/lib\liblega-c.a(default-nmi-handler.o)
                                                  c:/program files (x86)/microchip/mplab c32 suite/bin/../lib/gcc/pic32mx/4.5.1/../../../../pic32mx/lib\liblega-c.a(legacy-general-exception.o)
                                                  c:/program files (x86)/microchip/mplab c32 suite/bin/../lib/gcc/pic32mx/4.5.1/../../../../pic32mx/lib\liblega-c.a(memset.o)
                                                  c:/program files (x86)/microchip/mplab c32 suite/bin/../lib/gcc/pic32mx/4.5.1/../../../../pic32mx/lib/crt0.o
ALRMTIMECLR                                       c:/program files (x86)/microchip/mplab c32 suite/bin/../lib/gcc/pic32mx/4.5.1/../../../../pic32mx/lib/./proc/32MX250F128B\processor.o
                                                  c:/program files (x86)/microchip/mplab c32 suite/bin/../lib/gcc/pic32mx/4.5.1/../../../../pic32mx/lib\liblega-c.a(default-nmi-handler.o)
                                                  c:/program files (x86)/microchip/mplab c32 suite/bin/../lib/gcc/pic32mx/4.5.1/../../../../pic32mx/lib\liblega-c.a(legacy-general-exception.o)
                                                  c:/program files (x86)/microchip/mplab c32 suite/bin/../lib/gcc/pic32mx/4.5.1/../../../../pic32mx/lib\liblega-c.a(memset.o)
                                                  c:/program files (x86)/microchip/mplab c32 suite/bin/../lib/gcc/pic32mx/4.5.1/../../../../pic32mx/lib/crt0.o
ALRMTIMEINV                                       c:/program files (x86)/microchip/mplab c32 suite/bin/../lib/gcc/pic32mx/4.5.1/../../../../pic32mx/lib/./proc/32MX250F128B\processor.o
                                                  c:/program files (x86)/microchip/mplab c32 suite/bin/../lib/gcc/pic32mx/4.5.1/../../../../pic32mx/lib\liblega-c.a(default-nmi-handler.o)
                                                  c:/program files (x86)/microchip/mplab c32 suite/bin/../lib/gcc/pic32mx/4.5.1/../../../../pic32mx/lib\liblega-c.a(legacy-general-exception.o)
                                                  c:/program files (x86)/microchip/mplab c32 suite/bin/../lib/gcc/pic32mx/4.5.1/../../../../pic32mx/lib\liblega-c.a(memset.o)
                                                  c:/program files (x86)/microchip/mplab c32 suite/bin/../lib/gcc/pic32mx/4.5.1/../../../../pic32mx/lib/crt0.o
ALRMTIMESET                                       c:/program files (x86)/microchip/mplab c32 suite/bin/../lib/gcc/pic32mx/4.5.1/../../../../pic32mx/lib/./proc/32MX250F128B\processor.o
                                                  c:/program files (x86)/microchip/mplab c32 suite/bin/../lib/gcc/pic32mx/4.5.1/../../../../pic32mx/lib\liblega-c.a(default-nmi-handler.o)
                                                  c:/program files (x86)/microchip/mplab c32 suite/bin/../lib/gcc/pic32mx/4.5.1/../../../../pic32mx/lib\liblega-c.a(legacy-general-exception.o)
                                                  c:/program files (x86)/microchip/mplab c32 suite/bin/../lib/gcc/pic32mx/4.5.1/../../../../pic32mx/lib\liblega-c.a(memset.o)
                                                  c:/program files (x86)/microchip/mplab c32 suite/bin/../lib/gcc/pic32mx/4.5.1/../../../../pic32mx/lib/crt0.o
ANSELA                                            c:/program files (x86)/microchip/mplab c32 suite/bin/../lib/gcc/pic32mx/4.5.1/../../../../pic32mx/lib/./proc/32MX250F128B\processor.o
                                                  build/PIC32MX250F128B/production/_ext/1472/ProcessCommand.o
ANSELACLR                                         c:/program files (x86)/microchip/mplab c32 suite/bin/../lib/gcc/pic32mx/4.5.1/../../../../pic32mx/lib/./proc/32MX250F128B\processor.o
ANSELAINV                                         c:/program files (x86)/microchip/mplab c32 suite/bin/../lib/gcc/pic32mx/4.5.1/../../../../pic32mx/lib/./proc/32MX250F128B\processor.o
ANSELASET                                         c:/program files (x86)/microchip/mplab c32 suite/bin/../lib/gcc/pic32mx/4.5.1/../../../../pic32mx/lib/./proc/32MX250F128B\processor.o
ANSELB                                            c:/program files (x86)/microchip/mplab c32 suite/bin/../lib/gcc/pic32mx/4.5.1/../../../../pic32mx/lib/./proc/32MX250F128B\processor.o
                                                  build/PIC32MX250F128B/production/_ext/1472/ProcessCommand.o
ANSELBCLR                                         c:/program files (x86)/microchip/mplab c32 suite/bin/../lib/gcc/pic32mx/4.5.1/../../../../pic32mx/lib/./proc/32MX250F128B\processor.o
ANSELBINV                                         c:/program files (x86)/microchip/mplab c32 suite/bin/../lib/gcc/pic32mx/4.5.1/../../../../pic32mx/lib/./proc/32MX250F128B\processor.o
ANSELBSET                                         c:/program files (x86)/microchip/mplab c32 suite/bin/../lib/gcc/pic32mx/4.5.1/../../../../pic32mx/lib/./proc/32MX250F128B\processor.o
BDT                                               build/PIC32MX250F128B/production/_ext/1472/usb_device.o
BMXBOOTSZ                                         c:/program files (x86)/microchip/mplab c32 suite/bin/../lib/gcc/pic32mx/4.5.1/../../../../pic32mx/lib/./proc/32MX250F128B\processor.o
                                                  c:/program files (x86)/microchip/mplab c32 suite/bin/../lib/gcc/pic32mx/4.5.1/../../../../pic32mx/lib\liblega-c.a(default-nmi-handler.o)
                                                  c:/program files (x86)/microchip/mplab c32 suite/bin/../lib/gcc/pic32mx/4.5.1/../../../../pic32mx/lib\liblega-c.a(legacy-general-exception.o)
                                                  c:/program files (x86)/microchip/mplab c32 suite/bin/../lib/gcc/pic32mx/4.5.1/../../../../pic32mx/lib\liblega-c.a(memset.o)
                                                  c:/program files (x86)/microchip/mplab c32 suite/bin/../lib/gcc/pic32mx/4.5.1/../../../../pic32mx/lib/crt0.o
BMXCON                                            c:/program files (x86)/microchip/mplab c32 suite/bin/../lib/gcc/pic32mx/4.5.1/../../../../pic32mx/lib/./proc/32MX250F128B\processor.o
                                                  c:/program files (x86)/microchip/mplab c32 suite/bin/../lib/gcc/pic32mx/4.5.1/../../../../pic32mx/lib\liblega-c.a(default-nmi-handler.o)
                                                  c:/program files (x86)/microchip/mplab c32 suite/bin/../lib/gcc/pic32mx/4.5.1/../../../../pic32mx/lib\liblega-c.a(legacy-general-exception.o)
                                                  c:/program files (x86)/microchip/mplab c32 suite/bin/../lib/gcc/pic32mx/4.5.1/../../../../pic32mx/lib\liblega-c.a(memset.o)
                                                  c:/program files (x86)/microchip/mplab c32 suite/bin/../lib/gcc/pic32mx/4.5.1/../../../../pic32mx/lib/crt0.o
BMXCONCLR                                         c:/program files (x86)/microchip/mplab c32 suite/bin/../lib/gcc/pic32mx/4.5.1/../../../../pic32mx/lib/./proc/32MX250F128B\processor.o
                                                  c:/program files (x86)/microchip/mplab c32 suite/bin/../lib/gcc/pic32mx/4.5.1/../../../../pic32mx/lib\liblega-c.a(default-nmi-handler.o)
                                                  c:/program files (x86)/microchip/mplab c32 suite/bin/../lib/gcc/pic32mx/4.5.1/../../../../pic32mx/lib\liblega-c.a(legacy-general-exception.o)
                                                  c:/program files (x86)/microchip/mplab c32 suite/bin/../lib/gcc/pic32mx/4.5.1/../../../../pic32mx/lib\liblega-c.a(memset.o)
                                                  c:/program files (x86)/microchip/mplab c32 suite/bin/../lib/gcc/pic32mx/4.5.1/../../../../pic32mx/lib/crt0.o
BMXCONINV                                         c:/program files (x86)/microchip/mplab c32 suite/bin/../lib/gcc/pic32mx/4.5.1/../../../../pic32mx/lib/./proc/32MX250F128B\processor.o